BACKUP=/opt/wathefni/backups/production-pre-compliance-page-refinement-wave1-20260804T084521Z
DEPLOYED_BUNDLE=/var/www/wathefni-dashboard/assets/PostHire-CTpKApnh.js
BACKUP=/opt/wathefni/backups/production-pre-compliance-page-refinement-wave1-20260804T084521Z
PASS data-compliance-findings
PASS data-compliance-register
PASS data-compliance-remind
PASS All documents
PASS Open in Findings
PASS Correct dates
PASS no Remind all
PASS analytics preserved
STATIC_GATES_OK
PASS posthire_bundle_present — PostHire-CTpKApnh.js
PASS findings_marker
PASS findings_list_marker
PASS register_marker
PASS surfaces_marker
PASS filters_marker
PASS summary_marker
PASS methodology_marker
PASS remind_marker
PASS purpose_copy
PASS all_documents_label
PASS open_in_findings
PASS no_remind_all
PASS governed_dates_modal
PASS hr_reviewed_honesty
PASS arabic_surface
PASS analytics_still_present
PASS payroll_still_present
PASS shifts_still_present
--- smoke (venv) ---
PASS posthire_bundle_present — PostHire-CTpKApnh.js
PASS findings_marker
PASS findings_list_marker
PASS register_marker
PASS surfaces_marker
PASS filters_marker
PASS summary_marker
PASS methodology_marker
PASS remind_marker
PASS purpose_copy
PASS all_documents_label
PASS open_in_findings
PASS no_remind_all
PASS governed_dates_modal
PASS hr_reviewed_honesty
PASS arabic_surface
PASS analytics_still_present
PASS payroll_still_present
PASS shifts_still_present
COMPLIANCE_WAVE1_DB {"db": "wathefni"}
PASS db_readable — wathefni
COMPLIANCE_PAGE_WAVE1_SMOKE_OK
--- mutation ---
PASS compliance.manage gate
PASS review POST endpoint
PASS correct_metadata action
PASS compliance_send_reminder
PASS HR reviewed honesty
PASS reject reason modal
PASS dates modal
PASS Employees D1 prompt preserved
PASS Employees D2 prompt preserved
PASS no expiry prompt leftover
PASS no issue prompt leftover
MUTATION_PERMISSION_PROOF_OK
LIVE_BUNDLE PostHire-CTpKApnh.js
API_CHUNK api-sYOc6kIY.js
DEPLOY_OK FREEZE_READY
