Leave Wave 3B prod canary tag=4127dd9e phone=965527141279
[PASS] wave3 version
[PASS] wave3 enabled
[PASS] wave2 enabled
[PASS] needs_info status
[PASS] withdrawn status
[PASS] enforced=false
[PASS] legal_reviewed=false
[PASS] full vs half overlap
[PASS] am vs pm no overlap
[PASS] overnight shift hours
[PASS] hourly inside overnight
[PASS] unpaid handoff no money (unit)
[PASS] db is wathefni
[PASS] preflight: real leave count 3
[PASS] preflight: real fp 51cd940f
[PASS] preflight: real fp dbf82ecf
[PASS] preflight: real fp e3217e0e
[PASS] synthetic employee
[PASS] accrual posted
[PASS] half-day request
[PASS] half chargeable ~0.5
[PASS] half reservation
[PASS] half-day PM no overlap with AM
[PASS] full vs partial overlap denied
[PASS] hourly request
[PASS] hourly hours=2
[PASS] overnight hourly
[PASS] split-shift hourly
[PASS] concurrent fractional reservations
[PASS] approve half
[PASS] attendance derived
[PASS] self-approval denied
[PASS] stale concurrency denied
[PASS] reject
[PASS] needs_info
[PASS] resubmit
[PASS] withdraw
[PASS] cancel future approved
[PASS] cancel temporal future
[PASS] attendance reverse safe
[PASS] already taken denied
[PASS] already started denied
[PASS] unpaid request
[PASS] unpaid reservation skipped
[PASS] unpaid request no money
[PASS] unpaid approve
[PASS] unpaid approve no money
[PASS] handoff event recorded
[PASS] handoff monetary false
[PASS] attachment upload
[PASS] attachment replace
[PASS] sensitive upload
[PASS] sensitive masked / denied
[PASS] attachment reject
[PASS] attachment audit trail
[PASS] post-cleanup: real leave count 3
[PASS] post-cleanup: real fp 51cd940f
[PASS] post-cleanup: real fp dbf82ecf
[PASS] post-cleanup: real fp e3217e0e
[PASS] post-cleanup: real rows unchanged
[PASS] company real totals restored for real fps
[PASS] synthetic residual 0
{
  "pass": 62,
  "fail": 0,
  "evid": "/opt/wathefni/production-evidence/leave-wave3b-prod-canary/20260802T164738Z/canary-run"
}
CANARY_OK
