security denial route=/orchestrator/audit/turns class=tenant_scope_violation policy=- dimension=- principal=a3db04c24b89e8e4ed2f50a8e7b64353 company=R2ALPHA5F6202
security denial route=/orchestrator/audit/pending-actions class=tenant_scope_violation policy=- dimension=- principal=a3db04c24b89e8e4ed2f50a8e7b64353 company=R2ALPHA5F6202
security denial route=/orchestrator/audit/action-results class=tenant_scope_violation policy=- dimension=- principal=a3db04c24b89e8e4ed2f50a8e7b64353 company=R2ALPHA5F6202
security denial route=/orchestrator/audit/turns class=company_scope_required policy=- dimension=- principal=d294fcce0cc88587843099d85dd805ae company=-
security denial route=/orchestrator/debug/intake-operations class=tenant_scope_violation policy=- dimension=- principal=a3db04c24b89e8e4ed2f50a8e7b64353 company=R2ALPHA5F6202
security denial route=/orchestrator/debug/intake-documents/{document_id}/signed-download class=tenant_scope_violation policy=- dimension=- principal=a3db04c24b89e8e4ed2f50a8e7b64353 company=R2ALPHA5F6202
security denial route=/orchestrator/debug/intake-jobs/{job_id}/replay class=tenant_scope_violation policy=- dimension=- principal=a3db04c24b89e8e4ed2f50a8e7b64353 company=R2ALPHA5F6202
security denial route=/orchestrator/debug/intake-quarantine/sweep class=break_glass_disabled policy=- dimension=- principal=d294fcce0cc88587843099d85dd805ae company=-
security denial route=/orchestrator/debug/intake-worker/run class=break_glass_disabled policy=- dimension=- principal=d294fcce0cc88587843099d85dd805ae company=-
security denial route=/orchestrator/debug/intake-outage-replay class=break_glass_disabled policy=- dimension=- principal=d294fcce0cc88587843099d85dd805ae company=-
security denial route=/orchestrator/debug/intake-quarantine/sweep class=break_glass_requires_platform_principal policy=- dimension=- principal=d294fcce0cc88587843099d85dd805ae company=-
security denial route=/orchestrator/debug/intake-quarantine/sweep class=break_glass_forbidden policy=- dimension=- principal=d294fcce0cc88587843099d85dd805ae company=-
security denial route=/orchestrator/debug/intake-quarantine/sweep class=break_glass_operator_required policy=- dimension=- principal=d294fcce0cc88587843099d85dd805ae company=-
security denial route=/orchestrator/debug/intake-quarantine/sweep class=break_glass_forbidden policy=- dimension=- principal=d294fcce0cc88587843099d85dd805ae company=-
break-glass executed route=/orchestrator/debug/intake-quarantine/sweep operation=intake_quarantine_sweep_report operator=r2-smoke-5F6202 company=- destructive=False
security denial route=/orchestrator/posthire/documents/email-intake class=intake_routing_conflict policy=- dimension=- principal=d294fcce0cc88587843099d85dd805ae company=R2ALPHA5F6202
security denial route=/orchestrator/posthire/documents/email-intake class=intake_routing_unresolved policy=- dimension=- principal=d294fcce0cc88587843099d85dd805ae company=-
security denial route=/orchestrator/posthire/documents/email-intake class=tenant_scope_violation policy=- dimension=- principal=a3db04c24b89e8e4ed2f50a8e7b64353 company=R2ALPHA5F6202
link signing secret unusable purpose=video_interview var=WATHEFNI_VIDEO_INTERVIEW_LINK_SECRET reason=missing
link signing secret unusable purpose=video_interview var=WATHEFNI_VIDEO_INTERVIEW_LINK_SECRET reason=missing
security denial route=/internal/video-interviews/process-transcripts class=internal_worker_forbidden policy=- dimension=- principal=12ca17b49af2289436f303e0166030a2 company=-
security denial route=/internal/video-interviews/process-transcripts class=internal_worker_forbidden policy=- dimension=- principal=12ca17b49af2289436f303e0166030a2 company=-
security denial route=/internal/video-interviews/process-transcripts class=internal_worker_forbidden policy=- dimension=- principal=12ca17b49af2289436f303e0166030a2 company=-
security denial route=/internal/video-interviews/process-transcripts class=internal_worker_forbidden policy=- dimension=- principal=12ca17b49af2289436f303e0166030a2 company=-
security denial route=/dashboard/auth/login class=dashboard_auth_failed policy=dashboard_login dimension=- principal=f9101f2f2b4f89fe99b20b17d579d670 company=NOSUCH5F6202
security denial route=/dashboard/auth/login class=dashboard_auth_failed policy=dashboard_login dimension=- principal=09cbd720d1fad0ea8f53b00d0cd7bb75 company=R2ALPHA5F6202
security denial route=/dashboard/auth/login class=dashboard_auth_failed policy=dashboard_login dimension=- principal=5990e057faff42b1d7b9dd8ca343071e company=R2ALPHA5F6202
security denial route=/dashboard/auth/login class=dashboard_auth_failed policy=dashboard_login dimension=- principal=5990e057faff42b1d7b9dd8ca343071e company=R2ALPHA5F6202
security denial route=/dashboard/auth/login class=dashboard_auth_failed policy=dashboard_login dimension=- principal=5990e057faff42b1d7b9dd8ca343071e company=R2ALPHA5F6202
security denial route=/dashboard/auth/login class=dashboard_auth_failed policy=dashboard_login dimension=- principal=5990e057faff42b1d7b9dd8ca343071e company=R2ALPHA5F6202
security denial route=/dashboard/auth/login class=dashboard_auth_failed policy=dashboard_login dimension=- principal=5990e057faff42b1d7b9dd8ca343071e company=R2ALPHA5F6202
security denial route=/dashboard/auth/login class=dashboard_auth_failed policy=dashboard_login dimension=- principal=5990e057faff42b1d7b9dd8ca343071e company=R2ALPHA5F6202
security denial route=/dashboard/auth/login class=dashboard_auth_failed policy=dashboard_login dimension=- principal=5990e057faff42b1d7b9dd8ca343071e company=R2ALPHA5F6202
security denial route=/dashboard/auth/login class=dashboard_auth_failed policy=dashboard_login dimension=- principal=5990e057faff42b1d7b9dd8ca343071e company=R2ALPHA5F6202
security denial route=/dashboard/auth/login class=rate_limited policy=dashboard_login dimension=identity principal=5990e057faff42b1d7b9dd8ca343071e company=R2ALPHA5F6202
security denial route=/dashboard/auth/login class=dashboard_auth_failed policy=dashboard_login dimension=- principal=d7f1a594d4c8521f8e22ce3bfd84718c company=R2ALPHA5F6202
security denial route=/dashboard/superadmin/setup/auth/login class=operator_auth_failed policy=setup_operator_login dimension=- principal=702fb3ae36e290e77566a5df2ac31483 company=-
security denial route=/dashboard/superadmin/setup/auth/login class=operator_auth_failed policy=setup_operator_login dimension=- principal=e9292eb2de4f3530ea4b43f88bb6e2d0 company=-
security denial route=/dashboard/superadmin/setup/auth/login class=operator_auth_failed policy=setup_operator_login dimension=- principal=e9292eb2de4f3530ea4b43f88bb6e2d0 company=-
security denial route=/dashboard/superadmin/setup/auth/login class=operator_auth_failed policy=setup_operator_login dimension=- principal=e9292eb2de4f3530ea4b43f88bb6e2d0 company=-
security denial route=/dashboard/superadmin/setup/auth/login class=operator_auth_failed policy=setup_operator_login dimension=- principal=e9292eb2de4f3530ea4b43f88bb6e2d0 company=-
security denial route=/dashboard/superadmin/setup/auth/login class=operator_auth_failed policy=setup_operator_login dimension=- principal=e9292eb2de4f3530ea4b43f88bb6e2d0 company=-
security denial route=/dashboard/superadmin/setup/auth/login class=rate_limited policy=setup_operator_login dimension=identity principal=e9292eb2de4f3530ea4b43f88bb6e2d0 company=-
security denial route=/calendar/guest/{token}/state class=rate_limited policy=calendar_guest_token dimension=identity principal=a46eab3b39f17b874e1baffbcafd96bc company=-
    PRODUCTION READINESS R2 — live security negative paths
    tenants: R2ALPHA5F6202 / R2BETA5F6202    source: 10.130.105.27

    P0-5 — tenant isolation on internal audit reads
      PASS  tenant A reads its own turns
      PASS  tenant A sees only its own conversation text
      PASS  tenant A cannot request tenant B turns
      PASS  tenant A cannot request tenant B pending_actions
      PASS  tenant A reads its own pending_actions
      PASS  tenant A cannot request tenant B action_results
      PASS  tenant A reads its own action_results
      PASS  platform token cannot perform an unscoped global read
      PASS  platform token with an explicit company reads only that company
      PASS  unknown internal token is denied

    P0-5 — tenant isolation on intake artifacts
      PASS  tenant A cannot read tenant B intake operations
      PASS  tenant A cannot mint a download for tenant B
      PASS  tenant A cannot replay tenant B intake jobs

    P0-5 — break-glass authority for platform operations
      PASS  platform token alone cannot run the global sweep
      PASS  platform token alone cannot run the shared worker
      PASS  unscoped outage replay requires break-glass
      PASS  a tenant principal can never reach platform administration
      PASS  enabled break-glass still needs its own secret
      PASS  destructive apply=true is refused without operator attribution
      PASS  destructive apply=true is refused with a wrong break-glass secret
      PASS  fully authorized non-destructive break-glass succeeds
      PASS  break-glass use is attributed and audited

    P0-5 — email intake tenant routing
      PASS  tenant is derived from the destination mailbox
      PASS  a request-body company that contradicts the mailbox is refused
      PASS  a request-body company with no routing evidence is refused
      PASS  a tenant principal cannot route mail into another company

    P0-5 — caller-supplied dashboard tenant metadata
      PASS  channel=web_dashboard alone does not select a tenant
      PASS  a guessed authority marker does not select a tenant
      PASS  an in-process dashboard session still binds its own tenant
      PASS  the HTTP boundary strips any claimed authority marker

    P0-2 — live public link capability
      PASS  a link forged with the old committed constant is refused
      PASS  a link forged with the database URL is refused
      PASS  readiness reports link signing healthy
      PASS  readiness never exposes secret material
      PASS  a missing signing secret makes the capability unavailable, not permissive
      PASS  readiness degrades when the signing secret is absent

    P0-4 — internal worker endpoint from localhost
      PASS  no token from 127.0.0.1 is denied
      PASS  wrong worker token is denied
      PASS  the shared platform token is not worker authority
      PASS  the dedicated worker token is accepted
      PASS  a missing worker secret fails closed rather than trusting localhost

    P0-3 — dashboard login throttling and enumeration safety
      PASS  unknown company, unknown email and wrong password return one status
      PASS  ...and one identical body
      PASS  dashboard brute force locks out within the 8-failure window
      PASS  lockout returns retry metadata
      PASS  lockout does not disclose the account
      PASS  throttling is per-identity, so it is not an existence oracle
      PASS  valid credentials still sign in
      PASS  successful login clears the failure counter

    P0-3 — Setup Console operator login throttling
      PASS  unknown operator and wrong token are indistinguishable
      PASS  Setup operator brute force locks out within the 5-failure window

    P1-22 — public calendar guest-token throttling
      PASS  guest-token semantics unchanged: unknown token is still 404
      PASS  repeated use of one guest token throttles at 40
      PASS  guest throttle returns retry metadata

    R2 — denial audit is usable and leaks nothing
      PASS  rate-limited attempts are recorded
      PASS  failed logins are recorded
      PASS  tenant scope violations are recorded
      PASS  break-glass denials are recorded
      PASS  worker denials are recorded
      PASS  every record names its route
      PASS  audit never stores the password
      PASS  audit never stores the operator token
      PASS  audit never stores the platform internal token
      PASS  audit never stores the tenant token
      PASS  audit never stores the worker token
      PASS  audit never stores the break-glass token
      PASS  audit never stores the assessment signing secret
      PASS  audit never stores the video signing secret
      PASS  audit never stores the raw account email

    R2_SECURITY_FULL_PASS
    69 passed, 0 failed

STAGING_RC=0
