PASS  every palette role is defined (19 tokens)
PASS  redundant neutral and soft-status tokens are gone (retired=none)
PASS  legacy sky/lilac aliases lock to the HR yellow and pink (sky=#F0D065 lilac=#E5A6CB)
PASS  ink on bg is AA for body text (16.0:1)
PASS  ink on surface is AA for body text (17.0:1)
PASS  ink on surfaceMuted is AA for body text (14.3:1)
PASS  ink on butter is AA for body text (11.5:1)
PASS  ink on pink is AA for body text (8.8:1)
PASS  ink on olive is AA for body text (10.1:1)
PASS  muted text on bg is AA for body text (6.4:1)
PASS  muted text on surface is AA for body text (6.9:1)
PASS  muted text on surfaceMuted is AA for body text (5.8:1)
PASS  success text on surface is AA (7.0:1)
PASS  success border on surface is AA for UI (7.0:1)
PASS  warning text on surface is AA (6.7:1)
PASS  warning border on surface is AA for UI (6.7:1)
PASS  danger text on surface is AA (7.0:1)
PASS  danger border on surface is AA for UI (7.0:1)
PASS  accent text on surface is AA (6.9:1)
PASS  accent border on surface is AA for UI (6.9:1)
PASS  primary button label on ink is AA (17.4:1)
PASS  inactive tab labels remain AA on the black navigation bar (8.4:1)
PASS  no ambient tone can be mistaken for a semantic colour (closest pink/accent dE 40.9)
PASS  ambient tones are distinguishable from each other (closest butter/olive dE 27.5)
PASS  semantic colours are distinguishable from each other (closest warning/danger dE 29.4)
PASS  schedule fill stays close to the page (1.81:1)
PASS  ink on schedule fill is AA for body text (8.8:1)
PASS  an icon on the schedule accent is AA for UI (5.6:1)
PASS  the schedule accent is visible on both its fill and the page (fill 1.57:1, page 2.85:1)
PASS  the schedule accent carries more chroma than its fill (accent 41 vs fill 30)
PASS  leave fill stays close to the page (1.58:1)
PASS  ink on leave fill is AA for body text (10.1:1)
PASS  an icon on the leave accent is AA for UI (6.5:1)
PASS  the leave accent is visible on both its fill and the page (fill 1.54:1, page 2.44:1)
PASS  the leave accent carries more chroma than its fill (accent 50 vs fill 42)
PASS  documents fill stays close to the page (1.58:1)
PASS  ink on documents fill is AA for body text (10.1:1)
PASS  an icon on the documents accent is AA for UI (6.5:1)
PASS  the documents accent is visible on both its fill and the page (fill 1.54:1, page 2.44:1)
PASS  the documents accent carries more chroma than its fill (accent 50 vs fill 42)
PASS  payslips fill stays close to the page (1.38:1)
PASS  ink on payslips fill is AA for body text (11.5:1)
PASS  an icon on the payslips accent is AA for UI (7.3:1)
PASS  the payslips accent is visible on both its fill and the page (fill 1.58:1, page 2.19:1)
PASS  the payslips accent carries more chroma than its fill (accent 61 vs fill 56)
PASS  onboarding fill stays close to the page (1.38:1)
PASS  ink on onboarding fill is AA for body text (11.5:1)
PASS  an icon on the onboarding accent is AA for UI (7.3:1)
PASS  the onboarding accent is visible on both its fill and the page (fill 1.58:1, page 2.19:1)
PASS  the onboarding accent carries more chroma than its fill (accent 61 vs fill 56)
PASS  module accents are distinguishable from each other (closest leave/payslips dE 32.9)
PASS  module fills are not interchangeable (closest #B8CE7F/#F0D065 dE 27.5)
PASS  Home ambient fills are the refined yellow, pink and green (fills=['#B8CE7F', '#E5A6CB', '#F0D065'])
PASS  Documents launcher wears green, not pink (#B8CE7F)
PASS  workday / schedule wears pink (#E5A6CB)
PASS  attention / onboarding work wears yellow (#F0D065)
PASS  Request leave uses Home composition blue with ink (not white-on-blue)
PASS  Home declares a composition-only Request Leave blue
PASS  Request Leave composition blue is soft and ink-legible (#A9C0E4)
PASS  Home ambient fills do not use blue or lilac (fills=['#B8CE7F', '#E5A6CB', '#F0D065'])
PASS  no two-tone ambient value can be mistaken for a semantic colour (closest schedule.accent/accent dE 24.2)
PASS  no list-position-driven colour assignment (none)
FAIL  no untokenised colour literals in screens (['src/hr/components/primitives.tsx:605', 'src/hr/features/assistant/HRAssistantView.tsx:598', 'src/hr/features/hiring/HRHiringHomeView.tsx:411', 'src/features/pin/PinView.tsx:209'])
---
FAIL 1 of 63 colour-system checks: ['no untokenised colour literals in screens']
