PASS AuthProvider stores typed /app/me
PASS entitlement soft-refresh on foreground
PASS local PIN seals tokens while locked
PASS local PIN setup status exists
PASS document download refreshes on 401
PASS optional tabs are capability-driven
PASS Inbox is not a bottom tab, and Payslips took the slot
PASS home reads the server-owned projection instead of re-querying modules
PASS home presents server tasks and never re-derives them from status strings
PASS home actions are capability-driven
PASS phase5 composition contract exists
PASS inbox not counted as purchased home module
PASS home has a single launcher, not tiles plus duplicate quick actions
PASS onboarding demotes when complete
PASS deep links resolve through the strict route registry
PASS push taps follow through when entitled, else Inbox/Home
PASS unknown or unentitled links fall back to Home calmly
PASS home tracks per-module read state
PASS an unrecognized module state fails closed instead of claiming ready
PASS home never states an unavailable module as an empty business fact
PASS today's attendance is proven to be today's record
PASS the split Shifts and Attendance surfaces are gone
PASS Schedule opens on either contributing entitlement
PASS Schedule reads the server-owned workday projection, not the module endpoints
PASS Schedule shows today's expectation beside today's record
PASS an unavailable authority stays informational instead of reading as empty
PASS Schedule is read-only: no clocking, correction or write of any kind
PASS Schedule states that HR owns the schedule and the record
PASS Schedule offers a dedicated attendance history entry without becoming an archive
PASS Attendance history pages via cursor and never invents scheduled shifts
PASS Schedule presents stored values and computes no lateness or duration of its own
PASS Schedule renders attendance times in Kuwait time, not device time
PASS Profile reads /app/profile instead of inventing a second employee store
PASS Profile hierarchy is Personal / Employment / Bank / Account
PASS Profile states identity once: hero only, never again as a detail row
PASS Bank remains only under Profile, not Settings
PASS Documents hierarchy separates attention, current, and history
PASS Documents renew still invalidates onboarding and Home tasks
PASS Payslips group earnings and deductions with net pay prominence
PASS Payslip payment date comes from payroll and is omitted when unconfirmed
PASS Inbox opens without waiting on mark-read or a full refetch
PASS Inbox rows keep VoiceOver labels and calm unavailable deep links
PASS Inbox destination resolution shares push flow defaults including leave_decision
PASS Settings keeps Auth diagnostics build-gated and offers device-security retry
PASS payslip share copy is removed from the cache
PASS auto-lock diagnostics are build-gated
PASS unsupported employee compliance tab remains absent
PASS temporary design preview does not ship
PASS Wathefni branding is typography only
PASS motion respects reduced-motion preference
PASS leave types come from backend
PASS Leave offers a dedicated history entry without becoming an archive
PASS Leave history pages via cursor with year/status filters and no invented balances
PASS documents do not read secure-store tokens directly
Traceback (most recent call last):
  File "/Users/azizalmulla/Desktop/claw/apps/wathefni-employee-mobile/scripts/verify-capability-foundation.py", line 632, in <module>
    main()
    ~~~~^^
  File "/Users/azizalmulla/Desktop/claw/apps/wathefni-employee-mobile/scripts/verify-capability-foundation.py", line 405, in main
    check("documents expose an explicit back control", "onBack={() => router.back()}" in documents)
    ~~~~~^^^^^^^^^^^^^^^^^^^^^^^^^^^^^^^^^^^^^^^^^^^^^^^^^^^^^^^^^^^^^^^^^^^^^^^^^^^^^^^^^^^^^^^^^^
  File "/Users/azizalmulla/Desktop/claw/apps/wathefni-employee-mobile/scripts/verify-capability-foundation.py", line 19, in check
    raise AssertionError(label)
AssertionError: documents expose an explicit back control
