staging_health=200
      PASS  live ER customer enableable
      PASS  live benefits still enableable
      PASS  live learning still enableable
      PASS  live JA still enableable
      PASS  live talent still enableable
      PASS  live performance still enableable
      PASS  live engagement still hidden
      PASS  live comp planning still hidden
      PASS  live workforce planning still hidden
      PASS  live health
      PASS  live /dashboard/employee-relations/workspace not fail-closed
      PASS  live /dashboard/employee-relations/workspace not public
      PASS  live /dashboard/employee-relations/cases not fail-closed
      PASS  live /dashboard/employee-relations/cases not public
      PASS  live /dashboard/mobile/employee-relations not fail-closed
      PASS  live /dashboard/mobile/employee-relations not public
      PASS  live /dashboard/engagement still unreleased
      PASS  live /dashboard/compensation-planning still unreleased
      PASS  live /dashboard/workforce-planning/plans still unreleased
    LIVE_SERVICE 19 passed, 0 failed
