BACKUP=/opt/wathefni/backups/production-pre-settings-page-ia-closure-wave1-20260804T153557Z
DEPLOYED_SETTINGS=/var/www/wathefni-dashboard/assets/SettingsPage-BkgjpPsv.js
DEPLOYED_POSTHIRE=/var/www/wathefni-dashboard/assets/PostHire-CbltSlA6.js
DEPLOYED_DASHBOARD=/var/www/wathefni-dashboard/assets/dashboard-D6sM7fYQ.js
BACKUP=/opt/wathefni/backups/production-pre-settings-page-ia-closure-wave1-20260804T153557Z
PASS data-settings-ia-closure
PASS data-settings-nav
PASS data-settings-company
PASS data-settings-advanced
PASS no data-settings-purpose
PASS My account
PASS Prepare backup
PASS no Ensure legacy
PASS no Platform Integrations title
PASS activity preserved
PASS alerts preserved
STATIC_GATES_OK
PASS settings_marker
PASS ia_closure_marker
PASS nav_marker
PASS account_marker
PASS team_marker
PASS company_marker
PASS comms_marker
PASS integrations_marker
PASS advanced_marker
PASS ownership_marker
PASS no_page_purpose_dup
PASS nav_labels
PASS setup_guide_collapsible
PASS plain_legacy_label
PASS no_ensure_legacy_copy
PASS no_platform_integrations_title
PASS no_c6b_jargon
PASS arabic_surface
PASS activity_still_present
PASS alerts_still_present
SETTINGS_WAVE1_DB {"db": "wathefni"}
PASS db_readable — wathefni
SETTINGS_PAGE_WAVE1_SMOKE_OK
PASS posthire_bundle_present — PostHire-CbltSlA6.js
PASS timeline_marker
PASS list_marker
PASS filters_marker
PASS export_marker
PASS details_marker
PASS purpose_copy
PASS no_company_activity_card
PASS no_decorative_category_meta
PASS rbac_admins
PASS no_hr_managers_copy
PASS arabic_surface
PASS read_only_honesty
PASS alerts_still_present
PASS compliance_still_present
ACTIVITY_WAVE1_DB {"db": "wathefni"}
PASS db_readable — wathefni
ACTIVITY_PAGE_WAVE1_SMOKE_OK
SMOKE_OK
DEPLOY_OK
