leave wave2c prod canary tag=22ada742 phone=965526122742
[PASS] wave2 enabled
[PASS] pack version 2.1.0
[PASS] enforced false
[PASS] legal_reviewed false
[PASS] carryover writers disabled
[PASS] eligibility months 6
[PASS] kuwait midnight boundary
[PASS] pre: real leave count 3
[PASS] pre: real fp 51cd940f
[PASS] pre: real fp dbf82ecf
[PASS] pre: real fp e3217e0e
[PASS] db wathefni
[PASS] binding 2.1.0
[PASS] holiday year pending_review
[PASS] annual eligibility_months 6
[PASS] annual days_per_year 30
[PASS] annual enforced false
[PASS] weekend fri/sat
[PASS] sick tiers present
[PASS] enforced holiday fail-closed
[PASS] national/liberation excluded
[PASS] synthetic employee
[PASS] eligibility can_take_from = hire+6m
[PASS] under-6-months can_take_from future
[PASS] over-6-months can_take_from past/today
[PASS] accrual posted
[PASS] annual balance exists
[PASS] can_take_from set
[PASS] request A ok
[PASS] reservation A posted
[PASS] request B created observe
[PASS] B no double-reserve
[PASS] cancel B observe request
[PASS] approve A
[PASS] consume exactly once
[PASS] reservation converted open=0
[PASS] attendance derived list
[PASS] request C ok
[PASS] reject C
[PASS] reject released
[PASS] request D ok
[PASS] cancel pending D
[PASS] cancel pending released
[PASS] stale expire released
[PASS] sick request ok
[PASS] sick tiers payroll_owned
[PASS] unpaid reservation skipped payroll boundary
[PASS] unpaid pack payroll_boundary
[PASS] cancel approved A
[PASS] reversal restored balance
[PASS] attendance reverse safe
[PASS] request F ok for lifecycle
[PASS] lifecycle decline applied
[PASS] lifecycle decline released reservation
[PASS] ledger/rollup reconcile
[PASS] no payment keys in cancel
[PASS] policies still unenforced
[PASS] post-cleanup: real leave count 3
[PASS] post-cleanup: real fp 51cd940f
[PASS] post-cleanup: real fp dbf82ecf
[PASS] post-cleanup: real fp e3217e0e
[PASS] post-cleanup: real rows unchanged
[PASS] synthetic residual 0
{
  "pass": 63,
  "fail": 0,
  "tag": "22ada742"
}
