leave wave2c prod canary tag=2ef9d37c phone=965526129370
[PASS] wave2 enabled
[PASS] pack version 2.1.0
[PASS] enforced false
[PASS] legal_reviewed false
[PASS] carryover writers disabled
[PASS] eligibility months 6
[PASS] kuwait midnight boundary
[PASS] pre: real leave count 3
[PASS] pre: real fp 51cd940f
[PASS] pre: real fp dbf82ecf
[PASS] pre: real fp e3217e0e
[PASS] db wathefni
[PASS] binding 2.1.0
[PASS] holiday year pending_review
[PASS] annual eligibility_months 6
[PASS] annual days_per_year 30
[PASS] annual enforced false
[PASS] weekend fri/sat
[PASS] sick tiers present
[PASS] enforced holiday fail-closed
[PASS] national/liberation excluded
[PASS] synthetic employee
[PASS] eligibility can_take_from = hire+6m
[PASS] under-6-months can_take_from future
[PASS] over-6-months can_take_from past/today
[PASS] accrual posted
[PASS] annual balance exists
[PASS] can_take_from set
[PASS] request A ok
[PASS] reservation A posted
[PASS] request B created observe
[PASS] B no double-reserve
[PASS] approve A
[PASS] consume exactly once
[PASS] reservation converted open=0
[PASS] attendance derived list
[FAIL] request C ok :: {'ok': False, 'error': 'overlapping_leave_exists', 'employee': {'employee_key': 'WATHEFNI-965526129370', 'phone': '965526129370', 'company_code': 'WATHEFNI', 'app_key': None, 'name': 'LVW2C-SYNTH| Emp 2ef9d37c', 'email': None, 'position_title': 'W2C', 'hire_date': None, 'start_date': None, 'onboarding_status': 'not_started', 'documents_pending': 0, 'documents_complete': 0, 'compliance_status': 'pending', 'profile': {}, 'raw_json': {'source': 'dashboard_roster'}, 'created_at': '2026-08-02T16:21:08.207628+00:00', 'updated_at': '2026-08-02T16:21:08.207628+00:00', 'employment_status': None, 'device_user_id': None, 'person_id': 'be41ef00-a857-5a07-8704-a445299ed9e0', 'employment_id': '2290e712-be27-5bdd-a234-5089b638addb', 'assignment_id': '459a4742-e3f3-5c5e-b77e-0d3fc1e8d89b', 'onboarding_template_version': None}, 'overlaps': [{'leave_id': 'ac403ad0-35a9-4457-86eb-7eeb59c5d425', 'company_code': 'WATHEFNI', 'employee_key': 'WATHEFNI-965526129370', 'employee_phone': '965526129370', 'employee_name': 'LVW2C-SYNTH| Emp 2ef9d37c', 'start_date': '2026-08-25', 'end_date': '2026-09-25', 'leave_type': 'annual', 'status': 'requested', 'reason': None, 'decision_note': None, 'source_text': '', 'requested_by_phone': '965526129370', 'decided_by_phone': None, 'requested_at': '2026-08-02T16:21:08.259679+00:00', 'decided_at': None, 'metadata': {'action': {'end_date': '2026-11-23', 'leave_type': 'annual', 'start_date': '2026-08-25', 'employee_phone': '965526129370', '_employee_resolution': {'status': 'resolved', 'choices': [], 'searched': {}}}, 'source': 'whatsapp', 'shift_conflicts': [], 'leave_type_canonical': 'annual', 'lifecycle_at_request': 'active'}, 'created_at': '2026-08-02T16:21:08.259679+00:00', 'updated_at': '2026-08-02T16:21:08.259679+00:00', 'row_version': 1}]}
[FAIL] reject C :: {'ok': False, 'error': 'leave_request_not_found', 'action': {'leave_id': None, 'expected_row_version': 1, '_employee_resolution': {'status': 'no_input', 'choices': [], 'searched': {}}}}
[FAIL] reject released :: -1
[PASS] request D ok
[PASS] cancel pending D
[PASS] cancel pending released
[PASS] stale expire released
[PASS] sick request ok
[PASS] sick tiers payroll_owned
[PASS] unpaid reservation skipped payroll boundary
[PASS] unpaid pack payroll_boundary
[PASS] cancel approved A
[PASS] reversal restored balance
[PASS] attendance reverse safe
[PASS] request F ok for lifecycle
[PASS] lifecycle decline applied
[PASS] lifecycle decline released reservation
[PASS] ledger/rollup reconcile
[PASS] no payment keys in cancel
[PASS] policies still unenforced
[PASS] post-cleanup: real leave count 3
[PASS] post-cleanup: real fp 51cd940f
[PASS] post-cleanup: real fp dbf82ecf
[PASS] post-cleanup: real fp e3217e0e
[PASS] post-cleanup: real rows unchanged
[PASS] synthetic residual 0
{
  "pass": 59,
  "fail": 3,
  "tag": "2ef9d37c"
}
