LEAVE_WAVE3_SCHEMA_OK 3.0.0
enforced=false legal_reviewed=false
    leave workflow wave3 — partial-day, unpaid, attachments, withdraw/RFI/cancel
      PASS  version
      PASS  enforced honesty via authority
      PASS  needs_info status present
      PASS  withdrawn status present
      PASS  parse half am
      PASS  parse overnight hourly
      PASS  overnight shift hours=8
      PASS  hourly inside overnight shift
      PASS  hourly outside overnight shift
      PASS  full vs half overlap
      PASS  am vs pm no overlap
      PASS  hourly overlap
      PASS  hourly no overlap
      PASS  half chargeable days=0.5
      PASS  unpaid handoff no money
      PASS  money handoff rejected
      PASS  sensitive masked
      PASS  employee seeded
      PASS  accrual posted
      PASS  shifts seeded
      PASS  half-day request ok
      PASS  half chargeable ~0.5
      PASS  half reservation
      PASS  half-day PM ok (no AM overlap)
      PASS  full vs partial overlap denied
      PASS  hourly request ok
      PASS  hourly hours=2
      PASS  overnight hourly ok
      PASS  split-shift hourly ok
      PASS  concurrent half reservations both ok
      PASS  approve half ok
      PASS  attendance derived
      PASS  self-approval denied
      FAIL  stale concurrency denied :: {'ok': False, 'needs_confirmation': True, 'error': 'leave_shift_conflicts', 'leave': {'leave_id': '45ff6e7d-c42c-4c71-9e00-442077a7d0a3', 'company_code': 'WATHEFNI', 'employee_key': 'WATHEFNI-965527110000', 'employee_phone': '965527110000', 'employee_name': 'LVW3-SYNTH| Emp c1cf1dc0', 'start_date': '2026-08-21', 'end_date': '2026-08-21', 'leave_type': 'annual', 'status': 'needs_info', 'reason': None, 'decision_note': None, 'source_text': '', 'requested_by_phone': '965527110000', 'decided_by_phone': '965528110000', 'requested_at': '2026-08-02T16:42:13.564791+00:00', 'decided_at': None, 'metadata': {'wave3': True, 'action': {'end_date': '2026-08-21', 'leave_type': 'annual', 'start_date': '2026-08-21', 'half_portion': 'am', 'duration_unit': 'half_day', 'employee_phone': '965527110000', '_employee_resolution': {'status': 'resolved', 'choices': [], 'searched': {}}}, 'source': 'whatsapp', 'shift_conflicts': [{'role': None, 'notes': None, 'status': 'scheduled', 'end_time': '17:00:00', 'location': None, 'metadata': {}, 'shift_id': '576f1762-ec3e-4de6-9b79-0d2c9d3fa2d4', 'timezone': 'Asia/Kuwait', 'created_at': '2026-08-02T16:42:13.561564+00:00', 'shift_date': '2026-08-21', 'start_time': '09:00:00', 'updated_at': '2026-08-02T16:42:13.561564+00:00', 'source_text': None, 'company_code': 'WATHEFNI', 'employee_key': 'WATHEFNI-965527110000', 'employee_name': 'LVW3-SYNTH| Emp c1cf1dc0', 'employee_phone': '965527110000', 'created_by_phone': None, 'reminder_sent_at': None}], 'shift_validation': {'ok': True, 'shift_id': '576f1762-ec3e-4de6-9b79-0d2c9d3fa2d4', 'shift_hours': 8.0, 'half_portion': 'am', 'chargeable_hours': 4.0}, 'leave_type_canonical': 'annual', 'lifecycle_at_request': 'active'}, 'created_at': '2026-08-02T16:42:13.564791+00:00', 'updated_at': '2026-08-02T16:42:13.592583+00:00', 'row_version': 2, 'duration_unit': 'half_day', 'half_portion': 'am', 'start_time': None, 'end_time': None, 'shift_id': '576f1762-ec3e-4de6-9b79-0d2c9d3fa2d4', 'chargeable_days': 0.0, 'chargeable_hours': 0.0, 'sensitive_category': None, 'payroll_handoff': {}}, 'shift_conflicts': [{'shift_id': '576f1762-ec3e-4de6-9b79-0d2c9d3fa2d4', 'company_code': 'WATHEFNI', 'employee_key': 'WATHEFNI-965527110000', 'employee_phone': '965527110000', 'employee_name': 'LVW3-SYNTH| Emp c1cf1dc0', 'shift_date': '2026-08-21', 'start_time': '09:00:00', 'end_time': '17:00:00', 'timezone': 'Asia/Kuwait', 'role': None, 'location': None, 'status': 'scheduled', 'notes': None, 'source_text': None, 'metadata': {}, 'reminder_sent_at': None, 'created_by_phone': None, 'created_at': '2026-08-02T16:42:13.561564+00:00', 'updated_at': '2026-08-02T16:42:13.561564+00:00'}]}
      PASS  reject ok
      PASS  return for info
      PASS  resubmit -> requested
      PASS  withdraw ok
