env staging
wave2a_version 1.0.0
expected_db wathefni_staging
honesty {'payment_processing': 'disabled', 'money_authority': 'external', 'adapter_kind': 'synthetic_csv_sftp', 'vendor_claimed': False}
connected_db wathefni_staging
adapter_tables ['payroll_adapter_events', 'payroll_adapter_export_runs', 'payroll_adapter_import_lines', 'payroll_adapter_import_runs', 'payroll_adapter_quarantine', 'payroll_adapter_reconciliations']
MIGRATE_OK payroll_external_adapter_wave2a
    payroll external adapter wave2a — export/import/reconcile
      PASS  version pinned
      PASS  payment disabled
      PASS  money authority external
      PASS  wathefni not money authority
      PASS  no posts_payment
      PASS  no bank files
      PASS  no native g2n
      PASS  vendor unclaimed
      PASS  wave1 contracts unchanged flag
      PASS  uses input schema 1.0.0
      PASS  uses result schema 1.0.0
      PASS  freeze mirror only
      PASS  freeze wave1 ddl untouched
      PASS  malformed csv rejected
connected_db wathefni_staging
      PASS  wave1 draft still works
      PASS  wave1 approve still works
      PASS  period create
