- Exporting...
[expo-cli] Starting Metro Bundler
[expo-cli] 
[expo-cli] transform[stderr]: (node:90906) Warning: The 'NO_COLOR' env is ignored due to the 'FORCE_COLOR' env being set.
[expo-cli] transform[stderr]: (Use `node --trace-warnings ...` to show where the warning was created)
[expo-cli] transform[stderr]: (node:90907) Warning: The 'NO_COLOR' env is ignored due to the 'FORCE_COLOR' env being set.
[expo-cli] transform[stderr]: (Use `node --trace-warnings ...` to show where the warning was created)
[expo-cli] 
[expo-cli] transform[stderr]: (node:90905) Warning: The 'NO_COLOR' env is ignored due to the 'FORCE_COLOR' env being set.
[expo-cli] transform[stderr]: (Use `node --trace-warnings ...` to show where the warning was created)
[expo-cli] transform[stderr]: (node:90908) Warning: The 'NO_COLOR' env is ignored due to the 'FORCE_COLOR' env being set.
[expo-cli] transform[stderr]: (Use `node --trace-warnings ...` to show where the warning was created)
[expo-cli] iOS Bundled 3943ms node_modules/expo-router/entry.js (1357 modules)
[expo-cli] Android Bundled 6128ms node_modules/expo-router/entry.js (1360 modules)
[expo-cli] Creating asset map
[expo-cli] Preparing additional debugging files
[expo-cli] 
[expo-cli] Exporting 18 assets:
[expo-cli] node_modules/@expo-google-fonts/newsreader/600SemiBold/Newsreader_600SemiBold.ttf (118 kB)
[expo-cli] node_modules/@expo-google-fonts/noto-kufi-arabic/600SemiBold/NotoKufiArabic_600SemiBold.ttf (181 kB)
[expo-cli] node_modules/@expo/vector-icons/build/vendor/react-native-vector-icons/Fonts/Ionicons.ttf (443 kB)
[expo-cli] node_modules/@react-navigation/elements/src/assets/back-icon-mask.png (913 B)
[expo-cli] node_modules/@react-navigation/elements/src/assets/back-icon.png (10 variations | 338 B)
[expo-cli] node_modules/expo-router/assets/error.png (516 B)
[expo-cli] node_modules/expo-router/assets/file.png (158 B)
[expo-cli] node_modules/expo-router/assets/forward.png (250 B)
[expo-cli] node_modules/expo-router/assets/pkg.png (429 B)
[expo-cli] 
[expo-cli] Exporting 2 bundles for ios:
[expo-cli] _expo/static/js/ios/entry-b906766ee989af163f6c3ebd5911d257.hbc (1.89 MB)
[expo-cli] _expo/static/js/ios/entry-b906766ee989af163f6c3ebd5911d257.hbc.map (7.01 MB)
[expo-cli] Exporting 2 bundles for android:
[expo-cli] _expo/static/js/android/entry-e7b35b4d1871f80bbd61198785dab5f1.hbc (1.9 MB)
[expo-cli] _expo/static/js/android/entry-e7b35b4d1871f80bbd61198785dab5f1.hbc.map (7.03 MB)
[expo-cli] Exporting 3 files:
[expo-cli] assetmap.json (7.06 kB)
[expo-cli] debug.html (390 B)
[expo-cli] metadata.json (1.88 kB)
[expo-cli] 
[expo-cli] App exported to: dist
✔ Exported bundle(s)
- Uploading...
- Uploading assetmap.json (0 / 6.9 KB)
✔ Uploaded assetmap.json 1s
✔ Uploaded 2 app bundles
✔ Uploading assets skipped - no new assets found
ℹ 14 iOS assets, 14 Android assets (maximum: 2000 total per update). Learn more about asset limits: https://expo.fyi/eas-update-asset-limits
- Publishing...
✔ Published!
Branch             canary
Runtime version    0.1.0
Platform           android, ios
Update group ID    95d11ede-9516-4d85-bc73-936167b83fa3
Android update ID  019fdb41-c372-7ef7-afd7-ca7c6b986f86
iOS update ID      019fdb41-c372-74a5-bf37-a60ad10831b4
Message            Bank ESS P1: document-first KW bank certificate OCR confirm/correct
Commit             cf26d59512a22a7634eb4edd28b4425ec1624405*
EAS Dashboard      https://expo.dev/accounts/abdulazizalmullas-team/projects/aziz/updates/95d11ede-9516-4d85-bc73-936167b83fa3

