- Exporting...
[expo-cli] Starting Metro Bundler
[expo-cli] 
[expo-cli] transform[stderr]: (node:75991) Warning: The 'NO_COLOR' env is ignored due to the 'FORCE_COLOR' env being set.
[expo-cli] transform[stderr]: (Use `node --trace-warnings ...` to show where the warning was created)
[expo-cli] transform[stderr]: (node:75995) Warning: The 'NO_COLOR' env is ignored due to the 'FORCE_COLOR' env being set.
[expo-cli] transform[stderr]: (Use `node --trace-warnings ...` to show where the warning was created)
[expo-cli] transform[stderr]: (node:75996) Warning: The 'NO_COLOR' env is ignored due to the 'FORCE_COLOR' env being set.
[expo-cli] transform[stderr]: (Use `node --trace-warnings ...` to show where the warning was created)
[expo-cli] transform[stderr]: (node:75992) Warning: The 'NO_COLOR' env is ignored due to the 'FORCE_COLOR' env being set.
[expo-cli] transform[stderr]: (Use `node --trace-warnings ...` to show where the warning was created)
[expo-cli] transform[stderr]: (node:75994) Warning: The 'NO_COLOR' env is ignored due to the 'FORCE_COLOR' env being set.
[expo-cli] transform[stderr]: (Use `node --trace-warnings ...` to show where the warning was created)
[expo-cli] transform[stderr]: (node:75993) Warning: The 'NO_COLOR' env is ignored due to the 'FORCE_COLOR' env being set.
[expo-cli] transform[stderr]: (Use `node --trace-warnings ...` to show where the warning was created)
[expo-cli] iOS Bundled 3895ms node_modules/expo-router/entry.js (1311 modules)
[expo-cli] Android Bundled 6189ms node_modules/expo-router/entry.js (1360 modules)
[expo-cli] Creating asset map
[expo-cli] Preparing additional debugging files
[expo-cli] 
[expo-cli] Exporting 18 assets:
[expo-cli] node_modules/@expo-google-fonts/newsreader/600SemiBold/Newsreader_600SemiBold.ttf (118 kB)
[expo-cli] node_modules/@expo-google-fonts/noto-kufi-arabic/600SemiBold/NotoKufiArabic_600SemiBold.ttf (181 kB)
[expo-cli] node_modules/@expo/vector-icons/build/vendor/react-native-vector-icons/Fonts/Ionicons.ttf (443 kB)
[expo-cli] node_modules/@react-navigation/elements/src/assets/back-icon-mask.png (913 B)
[expo-cli] node_modules/@react-navigation/elements/src/assets/back-icon.png (10 variations | 338 B)
[expo-cli] node_modules/expo-router/assets/error.png (516 B)
[expo-cli] node_modules/expo-router/assets/file.png (158 B)
[expo-cli] node_modules/expo-router/assets/forward.png (250 B)
[expo-cli] node_modules/expo-router/assets/pkg.png (429 B)
[expo-cli] 
[expo-cli] Exporting 2 bundles for ios:
[expo-cli] _expo/static/js/ios/entry-3dd4952966f9e323daeb3c6ecd14d427.hbc (1.89 MB)
[expo-cli] _expo/static/js/ios/entry-3dd4952966f9e323daeb3c6ecd14d427.hbc.map (7.01 MB)
[expo-cli] Exporting 2 bundles for android:
[expo-cli] _expo/static/js/android/entry-a40d8eaef79e1b037f953348a0801568.hbc (1.89 MB)
[expo-cli] _expo/static/js/android/entry-a40d8eaef79e1b037f953348a0801568.hbc.map (7.02 MB)
[expo-cli] Exporting 3 files:
[expo-cli] assetmap.json (7.06 kB)
[expo-cli] debug.html (390 B)
[expo-cli] metadata.json (1.88 kB)
[expo-cli] 
[expo-cli] App exported to: dist
✔ Exported bundle(s)
- Uploading...
- Uploading assetmap.json (0 / 6.9 KB)
✔ Uploaded assetmap.json 
✔ Uploaded 2 app bundles
✔ Uploading assets skipped - no new assets found
ℹ 14 iOS assets, 14 Android assets (maximum: 2000 total per update). Learn more about asset limits: https://expo.fyi/eas-update-asset-limits
- Publishing...
✔ Published!
Branch             canary
Runtime version    0.1.0
Platform           android, ios
Update group ID    d73cd3c7-703e-4d66-a865-90d90b925125
Android update ID  019fdb2f-1901-71b1-8a3a-9ee5515af456
iOS update ID      019fdb2f-1901-7a45-bb2d-b62ca71cc2da
Message            Bank ESS P0: verified-at-HR, state/copy, profile Bank entry
Commit             cf26d59512a22a7634eb4edd28b4425ec1624405*
EAS Dashboard      https://expo.dev/accounts/abdulazizalmullas-team/projects/aziz/updates/d73cd3c7-703e-4d66-a865-90d90b925125

