5c07583b553fabb16430900f6d9f7011e165d57d9f5bd3ca5c16c2003ab0999e  /opt/wathefni/orchestrator/schema_contract.py
1ee4db61474e965e8d97004e327043b8f17c234da74631d0ee6c81071e454c0d  /opt/wathefni/orchestrator/app.py
f0c5cd2fc4551447183b47189a92c32417f5316c75fd51d0292a386bdd20b554  /opt/wathefni/orchestrator/inbound_cv_intake.py
826cedda87f847ce83d7a3e89295b4caaf14878dfbc64ce72b106b96ae742db2  /opt/wathefni/orchestrator/inbound_cv_processing.py
371063986b5577ad4a0dfed28e049c62e781f980335cb37816be7aca569c13d6  /opt/wathefni/orchestrator/durable_email_ingress.py
4a243518c7434a183d3bc323655d8df38c1fcc62396332b912e0725e1ed4f136  /opt/wathefni/orchestrator/migration_wave1_cv_foundation.py
ad6c99a2d3a546bae87e8b2b689e5dac7c2c261bc2757578e3c9e84e9b07aeac  /opt/wathefni/orchestrator/inbound_cv_adapters.py
=== SCHEMA MIGRATE ===
contract wave1br-runtime-ddl-ban-v1
lock_id 770911001
post_apply_validate_ok {'apply_calls': 0, 'require_calls': 7, 'blocked_apply_attempts': 0}
MIGRATE_SCHEMA_WAVE1BR_OK
MIGRATE_OK
health_ok
active
{"status":"ok","runtime":"toolcall_fastapi","environment_binding":{"application_environment":"production","database_environment":"production","database_environment_marker":"2646585bbedb","database_logical_name":"b1f1a54885f2","database_host":"aaf075b7b4bf","match":true},"permission_authority":"backend_current_required","legacy_dashboard_token_auth":false,"legacy_untrusted_auth_usable":false}
WATHEFNI_ATTENDANCE_CAPTURE_INGEST=off
WATHEFNI_DOC_FOUNDATION_DAILY_DOC_AI_COST_CAP_USD=5.0
WATHEFNI_DOC_FOUNDATION_DAILY_OCR_COST_CAP_USD=2.0
WATHEFNI_DOC_FOUNDATION_GPT_AUTO_OCR_FALLBACK=off
WATHEFNI_DOC_FOUNDATION_MAX_SAMPLED_PDFS=50
WATHEFNI_LOCAL_HYBRID_PDF_ENGINE=production_authority
WATHEFNI_MIGRATION_WAVE1=1
WATHEFNI_MIGRATION_WAVE1_COMPANIES=WATHEFNI
WATHEFNI_MIGRATION_WAVE1_SYNTHETIC_ONLY=1
SCHEMA_APPLY_ABSENT_OK
RESTART_OK
