AUDITED viewer-en-desktop-overview controls=16 exercised=5
AUDITED viewer-en-desktop-jobs controls=14 exercised=4
AUDITED viewer-en-desktop-candidates controls=14 exercised=4
AUDITED viewer-en-desktop-interviews controls=31 exercised=6
AUDITED viewer-en-desktop-assessments controls=13 exercised=4
AUDITED viewer-en-desktop-ranking controls=13 exercised=4
AUDITED viewer-en-desktop-calendar controls=23 exercised=4
AUDITED viewer-en-desktop-employees controls=13 exercised=4
AUDITED viewer-en-desktop-workforce controls=18 exercised=5
AUDITED viewer-en-desktop-inbox controls=16 exercised=5
AUDITED viewer-en-desktop-onboarding controls=13 exercised=4
AUDITED viewer-en-desktop-attendance controls=0 exercised=0
AUDITED viewer-en-desktop-leave controls=13 exercised=4
AUDITED viewer-en-desktop-shifts controls=13 exercised=4
AUDITED viewer-en-desktop-payroll controls=13 exercised=4
AUDITED viewer-en-desktop-analytics controls=13 exercised=4
AUDITED viewer-en-desktop-compliance controls=14 exercised=5
AUDITED viewer-en-desktop-notifications controls=1 exercised=1
AUDITED viewer-en-desktop-activity controls=18 exercised=5
AUDITED viewer-en-desktop-settings controls=18 exercised=5
AUDITED viewer-ar-desktop-overview controls=18 exercised=1
AUDITED viewer-ar-desktop-jobs controls=48 exercised=2
AUDITED viewer-ar-desktop-candidates controls=14 exercised=0
AUDITED viewer-ar-desktop-interviews controls=14 exercised=0
AUDITED viewer-ar-desktop-assessments controls=16 exercised=1
AUDITED viewer-ar-desktop-ranking controls=16 exercised=1
AUDITED viewer-ar-desktop-calendar controls=14 exercised=0
AUDITED viewer-ar-desktop-employees controls=18 exercised=1
AUDITED viewer-ar-desktop-workforce controls=18 exercised=1
AUDITED viewer-ar-desktop-inbox controls=18 exercised=1
AUDITED viewer-ar-desktop-onboarding controls=13 exercised=0
AUDITED viewer-ar-desktop-attendance controls=20 exercised=0
AUDITED viewer-ar-desktop-leave controls=18 exercised=1
AUDITED viewer-ar-desktop-shifts controls=28 exercised=0
AUDITED viewer-ar-desktop-payroll controls=13 exercised=0
AUDITED viewer-ar-desktop-analytics controls=16 exercised=0
AUDITED viewer-ar-desktop-compliance controls=22 exercised=0
AUDITED viewer-ar-desktop-notifications controls=14 exercised=0
AUDITED viewer-ar-desktop-activity controls=13 exercised=0
AUDITED viewer-ar-desktop-settings controls=14 exercised=0
AUDITED viewer-en-mobile-overview controls=11 exercised=1
AUDITED viewer-en-mobile-jobs controls=40 exercised=2
AUDITED viewer-en-mobile-candidates controls=16 exercised=0
AUDITED viewer-en-mobile-interviews controls=23 exercised=2
AUDITED viewer-en-mobile-assessments controls=11 exercised=1
AUDITED viewer-en-mobile-ranking controls=6 exercised=0
AUDITED viewer-en-mobile-calendar controls=13 exercised=0
AUDITED viewer-en-mobile-employees controls=9 exercised=1
AUDITED viewer-en-mobile-workforce controls=11 exercised=1
AUDITED viewer-en-mobile-inbox controls=11 exercised=1
AUDITED viewer-en-mobile-onboarding controls=22 exercised=3
AUDITED viewer-en-mobile-attendance controls=13 exercised=0
AUDITED viewer-en-mobile-leave controls=11 exercised=1
AUDITED viewer-en-mobile-shifts controls=6 exercised=0
AUDITED viewer-en-mobile-payroll controls=22 exercised=1
AUDITED viewer-en-mobile-analytics controls=9 exercised=0
AUDITED viewer-en-mobile-compliance controls=15 exercised=0
AUDITED viewer-en-mobile-notifications controls=7 exercised=0
AUDITED viewer-en-mobile-activity controls=11 exercised=1
AUDITED viewer-en-mobile-settings controls=11 exercised=1
AUDITED viewer-ar-mobile-overview controls=11 exercised=1
AUDITED viewer-ar-mobile-jobs controls=6 exercised=0
AUDITED viewer-ar-mobile-candidates controls=21 exercised=0
AUDITED viewer-ar-mobile-interviews controls=23 exercised=2
AUDITED viewer-ar-mobile-assessments controls=11 exercised=1
AUDITED viewer-ar-mobile-ranking controls=6 exercised=0
AUDITED viewer-ar-mobile-calendar controls=13 exercised=0
AUDITED viewer-ar-mobile-employees controls=6 exercised=0
AUDITED viewer-ar-mobile-workforce controls=6 exercised=0
AUDITED viewer-ar-mobile-inbox controls=6 exercised=0
AUDITED viewer-ar-mobile-onboarding controls=7 exercised=1
AUDITED viewer-ar-mobile-attendance controls=7 exercised=1
AUDITED viewer-ar-mobile-leave controls=11 exercised=1
AUDITED viewer-ar-mobile-shifts controls=6 exercised=0
AUDITED viewer-ar-mobile-payroll controls=22 exercised=1
AUDITED viewer-ar-mobile-analytics controls=9 exercised=0
AUDITED viewer-ar-mobile-compliance controls=15 exercised=0
AUDITED viewer-ar-mobile-notifications controls=13 exercised=1
AUDITED viewer-ar-mobile-activity controls=11 exercised=1
AUDITED viewer-ar-mobile-settings controls=11 exercised=1
CONTROL_AUDIT controls=1151 pages=80 {"unproven":1034,"pass":74,"broken":41,"dead":2}
