AUDITED hr_manager-en-desktop-overview controls=67 exercised=4
AUDITED hr_manager-en-desktop-jobs controls=18 exercised=4
AUDITED hr_manager-en-desktop-candidates controls=18 exercised=4
AUDITED hr_manager-en-desktop-interviews controls=18 exercised=4
AUDITED hr_manager-en-desktop-assessments controls=18 exercised=4
AUDITED hr_manager-en-desktop-ranking controls=20 exercised=5
AUDITED hr_manager-en-desktop-calendar controls=49 exercised=4
AUDITED hr_manager-en-desktop-employees controls=33 exercised=4
AUDITED hr_manager-en-desktop-workforce controls=33 exercised=4
AUDITED hr_manager-en-desktop-inbox controls=67 exercised=4
AUDITED hr_manager-en-desktop-onboarding controls=33 exercised=7
AUDITED hr_manager-en-desktop-attendance controls=17 exercised=4
AUDITED hr_manager-en-desktop-leave controls=17 exercised=4
AUDITED hr_manager-en-desktop-shifts controls=17 exercised=4
AUDITED hr_manager-en-desktop-payroll controls=17 exercised=4
AUDITED hr_manager-en-desktop-analytics controls=17 exercised=4
AUDITED hr_manager-en-desktop-compliance controls=17 exercised=4
AUDITED hr_manager-en-desktop-notifications controls=18 exercised=4
AUDITED hr_manager-en-desktop-activity controls=33 exercised=4
AUDITED hr_manager-en-desktop-settings controls=18 exercised=4
AUDITED hr_manager-ar-desktop-overview controls=18 exercised=0
AUDITED hr_manager-ar-desktop-jobs controls=52 exercised=0
AUDITED hr_manager-ar-desktop-candidates controls=38 exercised=0
AUDITED hr_manager-ar-desktop-interviews controls=36 exercised=2
AUDITED hr_manager-ar-desktop-assessments controls=18 exercised=0
AUDITED hr_manager-ar-desktop-ranking controls=20 exercised=1
AUDITED hr_manager-ar-desktop-calendar controls=49 exercised=0
AUDITED hr_manager-ar-desktop-employees controls=67 exercised=0
AUDITED hr_manager-ar-desktop-workforce controls=18 exercised=0
AUDITED hr_manager-ar-desktop-inbox controls=18 exercised=0
AUDITED hr_manager-ar-desktop-onboarding controls=33 exercised=3
AUDITED hr_manager-ar-desktop-attendance controls=25 exercised=0
AUDITED hr_manager-ar-desktop-leave controls=17 exercised=0
AUDITED hr_manager-ar-desktop-shifts controls=17 exercised=0
AUDITED hr_manager-ar-desktop-payroll controls=33 exercised=1
AUDITED hr_manager-ar-desktop-analytics controls=20 exercised=0
AUDITED hr_manager-ar-desktop-compliance controls=17 exercised=0
AUDITED hr_manager-ar-desktop-notifications controls=24 exercised=1
AUDITED hr_manager-ar-desktop-activity controls=67 exercised=0
AUDITED hr_manager-ar-desktop-settings controls=18 exercised=0
AUDITED hr_manager-en-mobile-overview controls=59 exercised=0
AUDITED hr_manager-en-mobile-jobs controls=44 exercised=0
AUDITED hr_manager-en-mobile-candidates controls=23 exercised=2
AUDITED hr_manager-en-mobile-interviews controls=28 exercised=2
AUDITED hr_manager-en-mobile-assessments controls=36 exercised=0
AUDITED hr_manager-en-mobile-ranking controls=12 exercised=1
AUDITED hr_manager-en-mobile-calendar controls=10 exercised=0
AUDITED hr_manager-en-mobile-employees controls=62 exercised=0
AUDITED hr_manager-en-mobile-workforce controls=59 exercised=0
AUDITED hr_manager-en-mobile-inbox controls=59 exercised=0
AUDITED hr_manager-en-mobile-onboarding controls=10 exercised=0
AUDITED hr_manager-en-mobile-attendance controls=10 exercised=0
AUDITED hr_manager-en-mobile-leave controls=17 exercised=1
AUDITED hr_manager-en-mobile-shifts controls=29 exercised=1
AUDITED hr_manager-en-mobile-payroll controls=26 exercised=1
AUDITED hr_manager-en-mobile-analytics controls=10 exercised=0
AUDITED hr_manager-en-mobile-compliance controls=19 exercised=0
AUDITED hr_manager-en-mobile-notifications controls=19 exercised=0
AUDITED hr_manager-en-mobile-activity controls=59 exercised=0
AUDITED hr_manager-en-mobile-settings controls=10 exercised=0
AUDITED hr_manager-ar-mobile-overview controls=59 exercised=0
AUDITED hr_manager-ar-mobile-jobs controls=10 exercised=0
AUDITED hr_manager-ar-mobile-candidates controls=32 exercised=2
AUDITED hr_manager-ar-mobile-interviews controls=28 exercised=2
AUDITED hr_manager-ar-mobile-assessments controls=10 exercised=0
AUDITED hr_manager-ar-mobile-ranking controls=12 exercised=1
AUDITED hr_manager-ar-mobile-calendar controls=20 exercised=0
AUDITED hr_manager-ar-mobile-employees controls=10 exercised=0
AUDITED hr_manager-ar-mobile-workforce controls=59 exercised=0
AUDITED hr_manager-ar-mobile-inbox controls=59 exercised=0
AUDITED hr_manager-ar-mobile-onboarding controls=26 exercised=3
AUDITED hr_manager-ar-mobile-attendance controls=18 exercised=0
AUDITED hr_manager-ar-mobile-leave controls=14 exercised=1
AUDITED hr_manager-ar-mobile-shifts controls=30 exercised=0
AUDITED hr_manager-ar-mobile-payroll controls=26 exercised=1
AUDITED hr_manager-ar-mobile-analytics controls=13 exercised=0
AUDITED hr_manager-ar-mobile-compliance controls=19 exercised=0
AUDITED hr_manager-ar-mobile-notifications controls=17 exercised=1
AUDITED hr_manager-ar-mobile-activity controls=10 exercised=0
AUDITED hr_manager-ar-mobile-settings controls=10 exercised=0
CONTROL_AUDIT controls=2233 pages=80 {"pass":82,"unproven":2122,"dead":2,"broken":27}
