AUDITED owner-en-desktop-overview controls=72 exercised=4
AUDITED owner-en-desktop-leave controls=29 exercised=4
AUDITED owner-ar-desktop-overview controls=72 exercised=0
AUDITED owner-ar-desktop-leave controls=29 exercised=0
AUDITED owner-en-mobile-overview controls=59 exercised=0
AUDITED owner-en-mobile-leave controls=17 exercised=0
AUDITED owner-ar-mobile-overview controls=59 exercised=0
AUDITED owner-ar-mobile-leave controls=17 exercised=0
AUDITED hr_manager-en-desktop-overview controls=67 exercised=4
AUDITED hr_manager-en-desktop-leave controls=24 exercised=4
AUDITED hr_manager-ar-desktop-overview controls=67 exercised=0
AUDITED hr_manager-ar-desktop-leave controls=24 exercised=0
AUDITED hr_manager-en-mobile-overview controls=59 exercised=0
AUDITED hr_manager-en-mobile-leave controls=17 exercised=0
AUDITED hr_manager-ar-mobile-overview controls=59 exercised=0
AUDITED hr_manager-ar-mobile-leave controls=17 exercised=0
AUDITED viewer-en-desktop-overview controls=18 exercised=4
AUDITED viewer-en-desktop-leave controls=18 exercised=4
AUDITED viewer-ar-desktop-overview controls=18 exercised=0
AUDITED viewer-ar-desktop-leave controls=18 exercised=0
AUDITED viewer-en-mobile-overview controls=11 exercised=0
AUDITED viewer-en-mobile-leave controls=11 exercised=0
AUDITED viewer-ar-mobile-overview controls=11 exercised=0
AUDITED viewer-ar-mobile-leave controls=11 exercised=0
CONTROL_AUDIT controls=804 pages=24 {"pass":24,"unproven":780}
