overview {"dir":"ltr","active":"Leave","unnamed":0}
jobs {"dir":"ltr","active":"Jobs","unnamed":0}
candidates {"dir":"ltr","active":"Candidates","unnamed":0}
interviews {"dir":"ltr","unnamed":0}
assessments {"dir":"ltr","active":"Leave","unnamed":0}
ranking {"dir":"ltr","unnamed":0}
calendar {"dir":"ltr","active":"Calendar","unnamed":0}
employees {"dir":"ltr","active":"Leave","unnamed":0}
workforce {"dir":"ltr","active":"Leave","unnamed":0}
inbox {"dir":"ltr","active":"Leave","unnamed":0}
onboarding {"dir":"ltr","active":"Onboarding","unnamed":0}
attendance {"dir":"ltr","active":"Attendance","unnamed":0}
leave {"dir":"ltr","active":"Leave","unnamed":0}
shifts {"dir":"ltr","active":"Shifts","unnamed":0}
payroll {"dir":"ltr","active":"Payroll","unnamed":0}
analytics {"dir":"ltr","active":"Analytics","unnamed":0}
compliance {"dir":"ltr","active":"Compliance","unnamed":0}
notifications {"dir":"ltr","active":"Alerts & Delivery","unnamed":0}
activity {"dir":"ltr","active":"Leave","unnamed":0}
settings {"dir":"ltr","active":"Leave","unnamed":0}
