- Exporting...
[expo-cli] Starting Metro Bundler
[expo-cli] 
[expo-cli] transform[stderr]: (node:52014) Warning: The 'NO_COLOR' env is ignored due to the 'FORCE_COLOR' env being set.
[expo-cli] transform[stderr]: (Use `node --trace-warnings ...` to show where the warning was created)
[expo-cli] transform[stderr]: (node:52016) Warning: The 'NO_COLOR' env is ignored due to the 'FORCE_COLOR' env being set.
[expo-cli] transform[stderr]: (Use `node --trace-warnings ...` to show where the warning was created)
[expo-cli] transform[stderr]: (node:52017) Warning: The 'NO_COLOR' env is ignored due to the 'FORCE_COLOR' env being set.
[expo-cli] transform[stderr]: (Use `node --trace-warnings ...` to show where the warning was created)
[expo-cli] transform[stderr]: (node:52015) Warning: The 'NO_COLOR' env is ignored due to the 'FORCE_COLOR' env being set.
[expo-cli] transform[stderr]: (Use `node --trace-warnings ...` to show where the warning was created)
[expo-cli] transform[stderr]: (node:52013) Warning: The 'NO_COLOR' env is ignored due to the 'FORCE_COLOR' env being set.
[expo-cli] transform[stderr]: (Use `node --trace-warnings ...` to show where the warning was created)
[expo-cli] transform[stderr]: (node:52018) Warning: The 'NO_COLOR' env is ignored due to the 'FORCE_COLOR' env being set.
[expo-cli] transform[stderr]: (Use `node --trace-warnings ...` to show where the warning was created)
[expo-cli] transform[stderr]: (node:52020) Warning: The 'NO_COLOR' env is ignored due to the 'FORCE_COLOR' env being set.
[expo-cli] transform[stderr]: (Use `node --trace-warnings ...` to show where the warning was created)
[expo-cli] transform[stderr]: (node:52019) Warning: The 'NO_COLOR' env is ignored due to the 'FORCE_COLOR' env being set.
[expo-cli] transform[stderr]: (Use `node --trace-warnings ...` to show where the warning was created)
[expo-cli] iOS Bundled 2681ms node_modules/expo-router/entry.js (1358 modules)
[expo-cli] Android Bundled 4117ms node_modules/expo-router/entry.js (1361 modules)
[expo-cli] Creating asset map
[expo-cli] Preparing additional debugging files
[expo-cli] 
[expo-cli] Exporting 18 assets:
[expo-cli] node_modules/@expo-google-fonts/newsreader/600SemiBold/Newsreader_600SemiBold.ttf (118 kB)
[expo-cli] node_modules/@expo-google-fonts/noto-kufi-arabic/600SemiBold/NotoKufiArabic_600SemiBold.ttf (181 kB)
[expo-cli] node_modules/@expo/vector-icons/build/vendor/react-native-vector-icons/Fonts/Ionicons.ttf (443 kB)
[expo-cli] node_modules/@react-navigation/elements/src/assets/back-icon-mask.png (913 B)
[expo-cli] node_modules/@react-navigation/elements/src/assets/back-icon.png (10 variations | 338 B)
[expo-cli] node_modules/expo-router/assets/error.png (516 B)
[expo-cli] node_modules/expo-router/assets/file.png (158 B)
[expo-cli] node_modules/expo-router/assets/forward.png (250 B)
[expo-cli] 
[expo-cli] node_modules/expo-router/assets/pkg.png (429 B)
[expo-cli] 
[expo-cli] Exporting 2 bundles for ios:
[expo-cli] _expo/static/js/ios/entry-5b7276dbf041f86eee54edc53ac6840f.hbc (1.9 MB)
[expo-cli] _expo/static/js/ios/entry-5b7276dbf041f86eee54edc53ac6840f.hbc.map (7.02 MB)
[expo-cli] Exporting 2 bundles for android:
[expo-cli] _expo/static/js/android/entry-816f7e2288b16768e7ee54cdff253d75.hbc (1.9 MB)
[expo-cli] 
[expo-cli] _expo/static/js/android/entry-816f7e2288b16768e7ee54cdff253d75.hbc.map (7.04 MB)
[expo-cli] Exporting 3 files:
[expo-cli] assetmap.json (7.06 kB)
[expo-cli] debug.html (390 B)
[expo-cli] metadata.json (1.88 kB)
[expo-cli] 
[expo-cli] App exported to: dist
✔ Exported bundle(s)
- Uploading...
- Uploading assetmap.json (0 / 6.9 KB)
✔ Uploaded assetmap.json 
✔ Uploaded 2 app bundles
✔ Uploading assets skipped - no new assets found
ℹ 14 iOS assets, 14 Android assets (maximum: 2000 total per update). Learn more about asset limits: https://expo.fyi/eas-update-asset-limits
- Publishing...
✔ Published!
Branch             canary
Runtime version    0.1.0
Platform           android, ios
Update group ID    3d01d413-214f-4fa6-8ec5-3c10e48e8a1e
Android update ID  019fddc4-06d0-77dc-9f9c-81ad368b35c6
iOS update ID      019fddc4-06d0-7af8-8127-4836758dffe0
Message            Sync hardening: me refresh, unlock refetch, high-churn stale, renew→onboarding, inbox locale
Commit             cf26d59512a22a7634eb4edd28b4425ec1624405*
EAS Dashboard      https://expo.dev/accounts/abdulazizalmullas-team/projects/aziz/updates/3d01d413-214f-4fa6-8ec5-3c10e48e8a1e

