[08:04:35] Bank ESS P1 document-first qualification
[08:04:35]   [PASS] contract_version_p1 :: "bank_ess_v1_p1_document_first"
[08:04:35]   [PASS] bank_certificate_in_structuring
[08:04:35]   [PASS] iban_letter_alias
[08:04:35]   [PASS] extraction_schema_has_kw_fields :: ["account_holder", "account_number", "bank_name", "branch", "country_code", "currency", "document_type", "field_confidence", "iban", "overall_confidence", "swift", "unreadable_reason", "warnings"]
[08:04:35]   [PASS] sanitize_good_certificate :: {"proposed": {"iban": "KW81CBKU0000000000001234560101", "account_number": "1234560101", "bank_name": "National Bank of Kuwait", "account_holder": "Aziz Al Mulla"}, "status": "extracted"}
[08:04:35]   [PASS] sanitize_uncertain_partial :: {"status": "partial", "confidence": 0.4, "field_confidence": {"iban": 0.4}, "proposed": {"iban": "KW81CBKU0000000000001234560101"}, "warnings": ["low_confidence_iban"], "unreadable_reason": null, "needs_manual_fallback": false, "uncertain":
[08:04:35]   [PASS] sanitize_failed_manual_fallback :: {"status": "failed", "confidence": 0.0, "field_confidence": {}, "proposed": {}, "warnings": ["unreadable"], "unreadable_reason": null, "needs_manual_fallback": true, "uncertain": false, "authoritative": false, "provider": null, "model": nul
[08:04:35]   [PASS] bank_ocr_default_on
[08:04:37]   [PASS] pdf_upload_extraction_shape :: {"evidence_id": "39810d1d-f707-49e8-82e2-d2ebfa823f5e", "status": "needs_review", "fallback": true, "proposed": {}}
[08:04:37]   [PASS] image_upload_manual_fallback_ok :: {"evidence_id": "7b76b137-e368-475e-8645-9d90ea7cab73", "status": "needs_review", "fallback": true}
[08:04:37]   [PASS] ocr_upload_leaves_verified_effective_untouched :: {"v0": 0, "v1": 0, "e0": 0, "e1": 0}
[08:04:37]   [PASS] document_first_submit_proposed :: {"code": 200, "state": "pending_hr", "request_id": "96d8b82d-81c1-4078-883c-97642f884f04"}
[08:04:37]   [PASS] evidence_linked_to_request :: {"linked": 2, "expected": 2}
[08:04:37]   [PASS] invalid_kw_iban_rejected :: {"code": 422, "error": "bank_account_invalid"}
[08:04:38]   [PASS] replacement_resubmit_with_new_evidence :: {"code": 200, "request_id": "db0b6d28-1fd8-4625-a9d6-f62a465d1cb9", "evidence_id": "26ffd4f7-26c3-4a15-8e8d-c8be2446b690"}
[08:04:38]   [PASS] hr_verify_approve :: {"code": 200}
[08:04:38]   [PASS] hr_approve_stamps_verified_not_effective :: {"verified_by_stage": "hr", "eff_changed": false}
[08:04:38]   [PASS] payroll_apply_writes_effective :: {"apply_code": 200, "eff_fp": "f7201f9b127f155a", "expected_fp": "f7201f9b127f155a", "error": ""}
[08:04:38]   [PASS] en_ar_bank_status :: {"en": 200, "ar": 200, "ar_msg": "\u0628\u064a\u0627\u0646\u0627\u062a\u0643 \u0627\u0644\u0628\u0646\u0643\u064a\u0629 \u0645\u0648\u062b\u0651\u0642\u0629. \u0623\u0631\u0633\u0644 \u062a\u063a\u064a\u064a\u0631\u064b\u0627 \u0625\u0630\u
[08:04:38]   [PASS] evidence_isolated :: {"code": 404}
[08:04:38] summary {'unit': '8/8', 'live': '12/12', 'errors': []} → /opt/wathefni/production-evidence/bank-ess-p1/20260807T080230Z/qual/p1-20260807T080435Z.json
