PASS UI_en-desktop_overview
PASS UI_en-desktop_jobs
PASS UI_en-desktop_candidates
PASS UI_en-desktop_interviews
PASS UI_en-desktop_assessments
PASS UI_en-desktop_ranking
PASS UI_en-desktop_calendar
PASS UI_en-desktop_employees
PASS UI_en-desktop_workforce
PASS UI_en-desktop_inbox
PASS UI_en-desktop_onboarding
PASS UI_en-desktop_attendance
PASS UI_en-desktop_leave
PASS UI_en-desktop_shifts
PASS UI_en-desktop_payroll
PASS UI_en-desktop_analytics
PASS UI_en-desktop_compliance
PASS UI_en-desktop_notifications
PASS UI_en-desktop_activity
FAIL UI_en-desktop_settings
PASS UI_deeplink_employee
PASS UI_deeplink_calendar
PASS UI_deeplink_onboarding
PASS UI_en-desktop_back_forward
PASS UI_overlay_scroll_lock_add_employee
PASS UI_ar-desktop_overview
PASS UI_ar-desktop_jobs
PASS UI_ar-desktop_candidates
PASS UI_ar-desktop_interviews
PASS UI_ar-desktop_assessments
PASS UI_ar-desktop_ranking
PASS UI_ar-desktop_calendar
PASS UI_ar-desktop_employees
PASS UI_ar-desktop_workforce
PASS UI_ar-desktop_inbox
PASS UI_ar-desktop_onboarding
PASS UI_ar-desktop_attendance
PASS UI_ar-desktop_leave
PASS UI_ar-desktop_shifts
PASS UI_ar-desktop_payroll
PASS UI_ar-desktop_analytics
PASS UI_ar-desktop_compliance
PASS UI_ar-desktop_notifications
PASS UI_ar-desktop_activity
PASS UI_ar-desktop_settings
PASS UI_ar-desktop_rtl
PASS UI_en-mobile_overview
PASS UI_en-mobile_jobs
PASS UI_en-mobile_candidates
PASS UI_en-mobile_interviews
PASS UI_en-mobile_assessments
PASS UI_en-mobile_ranking
PASS UI_en-mobile_calendar
PASS UI_en-mobile_employees
PASS UI_en-mobile_workforce
PASS UI_en-mobile_inbox
PASS UI_en-mobile_onboarding
PASS UI_en-mobile_attendance
PASS UI_en-mobile_leave
PASS UI_en-mobile_shifts
PASS UI_en-mobile_payroll
PASS UI_en-mobile_analytics
PASS UI_en-mobile_compliance
PASS UI_en-mobile_notifications
PASS UI_en-mobile_activity
FAIL UI_en-mobile_settings
PASS UI_ar-mobile_overview
PASS UI_ar-mobile_jobs
PASS UI_ar-mobile_candidates
PASS UI_ar-mobile_interviews
PASS UI_ar-mobile_assessments
PASS UI_ar-mobile_ranking
PASS UI_ar-mobile_calendar
PASS UI_ar-mobile_employees
PASS UI_ar-mobile_workforce
PASS UI_ar-mobile_inbox
PASS UI_ar-mobile_onboarding
PASS UI_ar-mobile_attendance
PASS UI_ar-mobile_leave
PASS UI_ar-mobile_shifts
PASS UI_ar-mobile_payroll
PASS UI_ar-mobile_analytics
PASS UI_ar-mobile_compliance
PASS UI_ar-mobile_notifications
PASS UI_ar-mobile_activity
PASS UI_ar-mobile_settings
PASS UI_ar-mobile_rtl
UI_SUMMARY pass=85 fail=2 skip=0 total=87
