[
  {
    "employee_key": "WATHEFNI-96550252254",
    "next_owner_group": "employee",
    "next_item_label": "Signed employment contract",
    "next_item_status": "pending",
    "next_item_storage_status": null,
    "primary": "remind",
    "has_fields": true
  },
  {
    "employee_key": "WATHEFNI-96566363363",
    "next_owner_group": "employee",
    "next_item_label": "Signed employment contract",
    "next_item_status": "pending",
    "next_item_storage_status": null,
    "primary": "remind",
    "has_fields": true
  },
  {
    "employee_key": "WATHEFNI-96597727743",
    "next_owner_group": "employee",
    "next_item_label": "Signed employment contract",
    "next_item_status": "pending",
    "next_item_storage_status": null,
    "primary": "remind",
    "has_fields": true
  }
]
COUNTS {'remind': 3}
FIELDS_PRESENT True
