/opt/wathefni/backups/production-pre-anydoc-office-shadow-20260804T210010Z
Requirement already satisfied: firecrawl-anydoc==0.1.2 in /opt/wathefni/orchestrator/.venv/lib/python3.12/site-packages (0.1.2)
WATHEFNI_ANYDOC_OFFICE_SHADOW=production_shadow
{
  "mode": "production_shadow",
  "observation_ok": true,
  "shadow_blob_keys": [
    "bytes",
    "character_count",
    "company_code",
    "comparison",
    "content_sha256",
    "contract",
    "enabled",
    "engine",
    "engine_version",
    "error",
    "extension",
    "fail_open",
    "file_size_gate",
    "format_detected",
    "hosted_firecrawl_parse",
    "influences_admission",
    "influences_classification",
    "influences_cv_v2",
    "influences_routing",
    "influences_validation",
    "influences_workflows",
    "latency_ms",
    "library_wall_ms",
    "local_bytes_only",
    "malware_gate",
    "mode",
    "ok",
    "output_sha256",
    "package",
    "pinned_version",
    "quality",
    "timeout_ms"
  ],
  "influences_routing": false,
  "authority_text_unchanged": true,
  "pdf_denied": "denied_extension_or_mime",
  "identity_denied": "identity_document_denied",
  "engine_version": "0.1.2",
  "pinned_version": "0.1.2",
  "latency_ms": 5,
  "character_count": 99,
  "output_sha256": "83fb08717192f44334309f2d590954e07a99d0d105527f58daf628e43ed4278b",
  "rollback": "/opt/wathefni/backups/production-pre-anydoc-office-shadow-20260804T210010Z/ROLLBACK.sh"
}
PROD_SHADOW_OBSERVATION_OK
PROD_SHADOW_DEPLOY_OK
