PASS posthire_bundle_present — PostHire-BBh-0pcx.js
PASS board_first_marker
PASS attention_strip
PASS operations_collapsed_marker
PASS ops_exception_row
PASS no_board_correct_save
PASS resolve_cta
PASS request_correction_cta
PASS apply_separate_hint
PASS dual_pending_copy
PASS payroll_locked_copy
PASS stale_row_copy
PASS show_operations_default
PASS arabic_rtl_hint
PASS no_attendance_correction_row_component
OPS_KIND_STATUS []
PASS ops_table_readable — absence_open=0
PASS absence_ops_path_ui
ATTENDANCE_WAVE1_SMOKE_OK
BUNDLE_MARKERS_OK PostHire-BBh-0pcx.js CalendarShell-KlPj_qBg.js
WATHEFNI_CALENDAR_PROJECTION_COMPANY_EVENTS=on
WATHEFNI_CALENDAR_PROJECTION_COMPANY_EVENTS_COMPANIES=WATHEFNI
WATHEFNI_CALENDAR_PROJECTION_COMPLIANCE=on
WATHEFNI_CALENDAR_PROJECTION_COMPLIANCE_COMPANIES=WATHEFNI
WATHEFNI_CALENDAR_PROJECTION_EMPLOYEE_START=on
WATHEFNI_CALENDAR_PROJECTION_EMPLOYEE_START_COMPANIES=WATHEFNI
WATHEFNI_CALENDAR_PROJECTION_LEAVE=on
WATHEFNI_CALENDAR_PROJECTION_LEAVE_COMPANIES=WATHEFNI
WATHEFNI_CALENDAR_PROJECTION_ONBOARDING=on
WATHEFNI_CALENDAR_PROJECTION_ONBOARDING_COMPANIES=WATHEFNI
ATTENDANCE_AND_BUNDLE_OK
