src/posthire/CloseExportWorkspace.tsx(125,25): error TS2339: Property 'body' does not exist on type 'DashboardApiError'.
src/posthire/CloseExportWorkspace.tsx(141,9): error TS2322: Type '{ title: string; detail: string; onRetry: () => undefined; retryLabel: string; }' is not assignable to type 'IntrinsicAttributes & { reason: string; missing?: string[] | undefined; locale?: Locale | undefined; className?: string | undefined; }'.
  Property 'title' does not exist on type 'IntrinsicAttributes & { reason: string; missing?: string[] | undefined; locale?: Locale | undefined; className?: string | undefined; }'.
src/posthire/CloseExportWorkspace.tsx(149,27): error TS2322: Type '{ title: string; onRetry: () => undefined; retryLabel: string; }' is not assignable to type 'IntrinsicAttributes & { reason: string; missing?: string[] | undefined; locale?: Locale | undefined; className?: string | undefined; }'.
  Property 'title' does not exist on type 'IntrinsicAttributes & { reason: string; missing?: string[] | undefined; locale?: Locale | undefined; className?: string | undefined; }'.
src/posthire/CloseExportWorkspace.tsx(282,44): error TS2322: Type '{ title: string; detail: string; }' is not assignable to type 'IntrinsicAttributes & { title: string; hint?: string | undefined; icon?: ReactNode; action?: ReactNode; className?: string | undefined; }'.
  Property 'detail' does not exist on type 'IntrinsicAttributes & { title: string; hint?: string | undefined; icon?: ReactNode; action?: ReactNode; className?: string | undefined; }'.
src/posthire/CloseExportWorkspace.tsx(466,44): error TS2322: Type '{ title: string; detail: string; }' is not assignable to type 'IntrinsicAttributes & { title: string; hint?: string | undefined; icon?: ReactNode; action?: ReactNode; className?: string | undefined; }'.
  Property 'detail' does not exist on type 'IntrinsicAttributes & { title: string; hint?: string | undefined; icon?: ReactNode; action?: ReactNode; className?: string | undefined; }'.
src/posthire/CloseExportWorkspace.tsx(495,44): error TS2322: Type '{ title: string; detail: string; }' is not assignable to type 'IntrinsicAttributes & { title: string; hint?: string | undefined; icon?: ReactNode; action?: ReactNode; className?: string | undefined; }'.
  Property 'detail' does not exist on type 'IntrinsicAttributes & { title: string; hint?: string | undefined; icon?: ReactNode; action?: ReactNode; className?: string | undefined; }'.
src/posthire/PayslipWorkspace.tsx(132,27): error TS2322: Type '{ title: string; }' is not assignable to type 'IntrinsicAttributes & { reason: string; missing?: string[] | undefined; locale?: Locale | undefined; className?: string | undefined; }'.
  Property 'title' does not exist on type 'IntrinsicAttributes & { reason: string; missing?: string[] | undefined; locale?: Locale | undefined; className?: string | undefined; }'.
src/posthire/PayslipWorkspace.tsx(299,40): error TS2322: Type '{ title: string; description: string; }' is not assignable to type 'IntrinsicAttributes & { title: string; hint?: string | undefined; icon?: ReactNode; action?: ReactNode; className?: string | undefined; }'.
  Property 'description' does not exist on type 'IntrinsicAttributes & { title: string; hint?: string | undefined; icon?: ReactNode; action?: ReactNode; className?: string | undefined; }'.
src/posthire/StatutoryWorksheetWorkspace.tsx(113,25): error TS2339: Property 'body' does not exist on type 'DashboardApiError'.
src/posthire/StatutoryWorksheetWorkspace.tsx(125,27): error TS2322: Type '{ title: string; detail: string; onRetry: () => undefined; retryLabel: string; }' is not assignable to type 'IntrinsicAttributes & { reason: string; missing?: string[] | undefined; locale?: Locale | undefined; className?: string | undefined; }'.
  Property 'title' does not exist on type 'IntrinsicAttributes & { reason: string; missing?: string[] | undefined; locale?: Locale | undefined; className?: string | undefined; }'.
src/posthire/StatutoryWorksheetWorkspace.tsx(127,36): error TS2322: Type '{ title: string; onRetry: () => undefined; retryLabel: string; }' is not assignable to type 'IntrinsicAttributes & { reason: string; missing?: string[] | undefined; locale?: Locale | undefined; className?: string | undefined; }'.
  Property 'title' does not exist on type 'IntrinsicAttributes & { reason: string; missing?: string[] | undefined; locale?: Locale | undefined; className?: string | undefined; }'.
src/posthire/StatutoryWorksheetWorkspace.tsx(248,44): error TS2322: Type '{ title: string; detail: string; }' is not assignable to type 'IntrinsicAttributes & { title: string; hint?: string | undefined; icon?: ReactNode; action?: ReactNode; className?: string | undefined; }'.
  Property 'detail' does not exist on type 'IntrinsicAttributes & { title: string; hint?: string | undefined; icon?: ReactNode; action?: ReactNode; className?: string | undefined; }'.
src/posthire/StatutoryWorksheetWorkspace.tsx(273,40): error TS2322: Type '{ title: string; detail: string; }' is not assignable to type 'IntrinsicAttributes & { title: string; hint?: string | undefined; icon?: ReactNode; action?: ReactNode; className?: string | undefined; }'.
  Property 'detail' does not exist on type 'IntrinsicAttributes & { title: string; hint?: string | undefined; icon?: ReactNode; action?: ReactNode; className?: string | undefined; }'.
SHELL_WAVE0_TS_CLEAN
