stamp=20260802T153523Z
time_utc=2026-08-02T15:35:37Z
active
=== SHAs before ===
c684e783713e0a8e2f51df44bf532a95395fa964f959d18b6c2f5a6d3469e9cb  /opt/wathefni/orchestrator/app.py
ls: cannot access '/opt/wathefni/orchestrator/leave_authority_wave1.py': No such file or directory
leave_authority_wave1.py absent
=== flags before ===
WATHEFNI_ATTENDANCE_CAPTURE_INGEST=off
WATHEFNI_EMPLOYEE_LIFECYCLE_V3_SYNTHETIC_NAME_PREFIX=W3D-SYNTH|
WATHEFNI_EMPLOYEE_LIFECYCLE_V3_SYNTHETIC_ONLY=on
WATHEFNI_EMPLOYEE_LIFECYCLE_V3_SYNTHETIC_PHONE_PREFIXES=965522
WATHEFNI_LEAVE_BALANCES=on
WATHEFNI_ONBOARDING_SEED=off
=== accrual timer ===
enabled
NextElapseUSecRealtime=Mon 2026-08-03 02:30:03 UTC
ActiveState=active
SubState=waiting
{
  "db": "wathefni",
  "leave_requests": [
    {
      "leave_id": "51cd940f-a04b-4ad1-9a6a-43e3da59a222",
      "employee_key": "WATHEFNI-96597727743",
      "leave_type": "sick",
      "status": "rejected",
      "start_date": "2026-06-12",
      "end_date": "2026-06-12",
      "fp": "8f6d67e3cc4fbf5ee321af235ecbb20d"
    },
    {
      "leave_id": "dbf82ecf-7ac4-451b-b41c-03de943f2161",
      "employee_key": "WATHEFNI-96566363363",
      "leave_type": "annual",
      "status": "requested",
      "start_date": "2026-06-16",
      "end_date": "2026-06-18",
      "fp": "34c7cf18a4d758698bbf7cac6da70d1f"
    },
    {
      "leave_id": "e3217e0e-466f-4f38-aa10-dab503dcb0a4",
      "employee_key": "WATHEFNI-96566363363",
      "leave_type": "sick",
      "status": "approved",
      "start_date": "2026-05-11",
      "end_date": "2026-05-11",
      "fp": "abf4cba7cb8702b2d7c067db795d0701"
    }
  ],
  "leave_events": 10,
  "leave_ledger": 28,
  "leave_balances": 4,
  "policies": [
    {
      "leave_type": "annual",
      "enforced": false,
      "legal_reviewed": false
    },
    {
      "leave_type": "sick",
      "enforced": false,
      "legal_reviewed": false
    }
  ]
}
WATHEFNI_ATTENDANCE_CAPTURE_INGEST=off
[15:35:39] backing up orchestrator modules + leave fingerprints
