=== STAMP 20260805T015417Z ===
=== whoami ===
npm warn deprecated inflight@1.0.6: This module is not supported, and leaks memory. Do not use it. Check out lru-cache if you want a good and tested way to coalesce async requests by a key value, which is much more comprehensive and powerful.
npm warn deprecated lodash.get@4.4.2: This package is deprecated. Use the optional chaining (?.) operator instead.
npm warn deprecated rimraf@2.4.5: Rimraf versions prior to v4 are no longer supported
npm warn deprecated glob@6.0.4: Old versions of glob are not supported, and contain widely publicized security vulnerabilities, which have been fixed in the current version. Please update. Support for old versions may be purchased (at exorbitant rates) by contacting i@izs.me
npm warn deprecated sudo-prompt@9.1.1: Package no longer supported. Contact Support at https://www.npmjs.com/support for more info.
npm warn deprecated @xmldom/xmldom@0.7.13: this version has critical issues, please update to the latest version
npm warn deprecated tar@6.2.1: Old versions of tar are not supported, and contain widely publicized security vulnerabilities, which have been fixed in the current version. Please update. Support for old versions may be purchased (at exorbitant rates) by contacting i@izs.me
npm warn deprecated uuid@7.0.3: uuid@10 and below is no longer supported.  For ESM codebases, update to uuid@latest.  For CommonJS codebases, use uuid@11 (but be aware this version will likely be deprecated in 2028).
npm warn deprecated uuid@8.3.2: uuid@10 and below is no longer supported.  For ESM codebases, update to uuid@latest.  For CommonJS codebases, use uuid@11 (but be aware this version will likely be deprecated in 2028).
npm warn deprecated uuid@8.3.2: uuid@10 and below is no longer supported.  For ESM codebases, update to uuid@latest.  For CommonJS codebases, use uuid@11 (but be aware this version will likely be deprecated in 2028).
npm warn deprecated uuid@9.0.1: uuid@10 and below is no longer supported.  For ESM codebases, update to uuid@latest.  For CommonJS codebases, use uuid@11 (but be aware this version will likely be deprecated in 2028).
npm warn deprecated glob@10.5.0: Old versions of glob are not supported, and contain widely publicized security vulnerabilities, which have been fixed in the current version. Please update. Support for old versions may be purchased (at exorbitant rates) by contacting i@izs.me
npm warn deprecated @oclif/screen@3.0.8: Package no longer supported. Contact Support at https://www.npmjs.com/support for more info.
★ eas-cli@21.5.0 is now available.
To upgrade, run:
npm install -g eas-cli
Proceeding with outdated version.

Not logged in
=== projectId ===
REPLACE_WITH_EAS_PROJECT_ID
=== assets ===
ls: /Users/azizalmulla/Desktop/claw/apps/wathefni-employee-mobile/assets: No such file or directory
NO_ASSETS_DIR
README.md
app
app.json
babel.config.js
docs
eas.json
node_modules
package-lock.json
package.json
scripts
src
tsconfig.json
=== icon/splash in app.json ===
icon None
splash None
android.adaptiveIcon None
=== xcode/simctl ===
/Library/Developer/CommandLineTools
xcrun: error: unable to find utility "simctl", not a developer tool or in PATH
=== android sdk ===
ANDROID_HOME=unset
