MIGRATE_OK_STAGING_W4 4.0.0
    leave wave4 — controlled readiness + enrich + dual-control + allowlist
      PASS  wave4 version
      PASS  kill switch off by default path
      PASS  wave4 enabled
      PASS  gate on
      PASS  allowlist has HR
      PASS  non-allowlisted denied for real
      PASS  synthetic bypasses real gate
      PASS  allowlisted real ok
      PASS  enrich unpaid flag
      PASS  enrich partial flag
      PASS  enrich next_action decide
      PASS  enrich balance non-binding
      PASS  self approval still banned
      PASS  synth employee
      PASS  half-day request
      PASS  self-approval denied
      PASS  allowlisted approve synth
      PASS  dual initiate
      PASS  dual same actor denied
      PASS  dual confirm expire
      PASS  holiday status present
      PASS  holiday fail-closed flag when not approved
      PASS  eligibility snapshot len 4
      PASS  honesty enforced false

    24 passed, 0 failed
PASS  leave freeze doc present
PASS  freeze doc mentions self_approval
PASS  freeze doc mentions SYNTHETIC_ONLY
PASS  freeze doc mentions enforced=false
PASS  freeze doc mentions legal_reviewed=false
PASS  freeze doc mentions ledger
PASS  freeze doc mentions attachment
PASS  freeze doc mentions Attendance
PASS  freeze doc mentions Employees 360
PASS  freeze doc mentions Onboarding
PASS  freeze doc mentions Payroll
PASS  freeze doc mentions NO-GO
PASS  freeze doc mentions REAL_DECISION
PASS  self_decision_denied present
PASS  self_approval_forbidden string
PASS  synthetic_only gate
PASS  lifecycle_gate present
PASS  policy pack version 2.1.0
PASS  enforced false in pack
PASS  ledger reservation idempotency index
PASS  unpaid payroll_boundary
PASS  attachment mask helper
PASS  assert_handoff_has_no_money
PASS  wave4 real decision gate
PASS  wave4 dual control
PASS  wave4 kill switch
PASS  app wires wave4 gate on approve
PASS  app attendance reverse event-before-delete
PASS  app does not set enforced=true for leave policies in wave4
FAIL  LeaveWorkspace present :: /opt/wathefni/staging/apps/wathefni-dashboard/src/posthire/LeaveWorkspace.tsx
PASS  leave freeze cursor rule present
PASS  frozen module doc intact EMPLOYEES360_CONTROLLED_ROLLOUT_COMPLETION_AND_FREEZE.md
PASS  frozen module doc intact ONBOARDING_CONTROLLED_ROLLOUT_COMPLETION_AND_FREEZE.md
FAIL  frozen module doc intact ATTENDANCE_CONTROLLED_ROLLOUT_COMPLETION_AND_FREEZE.md :: /opt/wathefni/staging/ops/ATTENDANCE_CONTROLLED_ROLLOUT_COMPLETION_AND_FREEZE.md

32 passed, 2 failed
