    hr intelligence registry c1 — prove
      PASS  c1 module
      PASS  stamp
      PASS  commercial analytics
      PASS  internal namespace
      PASS  registry authority
      PASS  no duplicate commercial
      PASS  assistant out
      PASS  no universal score
      PASS  min cohort 5
      PASS  cohort upward only
      PASS  fte blocked honesty
      PASS  pending_start out
      PASS  EN published
      PASS  AR published
      PASS  rollback
      PASS  notice in until LWD
      PASS  leave in
      PASS  contingent not mixed
      PASS  fte not publishable
      PASS  global off
      PASS  empty allowlist
      PASS  canary ok
      PASS  tenant iso
      PASS  min_cohort floor 5
      PASS  enable company
      PASS  demographics default off
      PASS  raise to same ok
      PASS  seed defs
      PASS  fte blocked status
      PASS  fte not company-publishable
      PASS  universal score rejected
      PASS  publish intelligence.spine.fact_count
      PASS  publish intelligence.spine.demo_rate
      PASS  versioned definition
      FAIL  prior version 1 :: {'ok': True, 'definition': {'kpi_definition_id': 'c1798b0c-5a91-4305-878b-a79737e796bd', 'semantic_key': 'intelligence.spine.fact_count', 'effective_version': 3, 'status': 'published', 'name_en': 'Intelligence spine fact count', 'name_ar': 'عدد حقائق عمود الذكاء', 'description_en': 'C1 prove metric: count of active ingested facts of a type.', 'description_ar': 'مؤشر إثبات C1: عدد الحقائق النشطة لنوع معيّن.', 'business_meaning': 'Updated meaning v2', 'numerator': {'description': 'active facts'}, 'denominator': None, 'formula_contract': {'kind': 'count_facts', 'note': 'v2', 'fact_type': 'spine_demo_entity', 'require_facts': False}, 'unit': 'count', 'inclusion_rules': {}, 'exclusion_rules': {}, 'time_semantics': 'event_count', 'as_of_vs_period': 'as_of_or_period', 'supported_dimensions': [], 'canonical_source_facts': ['spine_demo_entity'], 'required_domain_authority': [], 'permission_class': 'intelligence_spine', 'owner': 'wave5_c1', 'approving_authority': None, 'prior_kpi_definition_id': None, 'created_by_phone': '965670053001', 'created_reason': 'change formula wording', 'created_at': datetime.datetime(2026, 8, 12, 9, 13, 21, 34050, tzinfo=datetime.timezone.utc)}, 'prior_preserved': True, 'prior_version': 2, 'prior_formula_contract': {'kind': 'count_facts', 'note': 'v2', 'fact_type': 'spine_demo_entity', 'require_facts': False}}
      PASS  company on v2
      PASS  ingest 0
      PASS  ingest 1
      PASS  ingest 2
      PASS  evaluate count
      PASS  drill population
      PASS  pins definition version
      PASS  same export authority
      PASS  correction
      PASS  count after correction still 3
      PASS  zero denom not_applicable
      PASS  small cohort suppressed
      PASS  rate ok at cohort 5
      PASS  upward cohort ok
      PASS  downward cohort forbidden
      PASS  headcount unpublished unavailable
      PASS  evaluation history retained
      PASS  assistant refuses invent
      PASS  assistant refuses universal score
      PASS  assistant resolves published
      PASS  other company gate denied without allowlist
      PASS  evals survive disable
      PASS  definitions survive
      PASS  writes blocked when disabled
      PASS  global off after prove

    59 passed, 1 failed
