
> wathefni-dashboard@0.0.0 prebuild
> node ../../ops/full-web-e2e/run-static-control-inventory.cjs

{"generated_at":"2026-08-07T19:42:56.556Z","controls":1169,"dashboard":1066,"employee_mobile":103,"dead_candidates":0,"dead_by_app":{"dashboard":0,"employee_mobile":0}}

> wathefni-dashboard@0.0.0 build
> tsc -b && vite build

vite v8.0.12 building client environment for production...
[2Ktransforming...✓ 1926 modules transformed.
rendering chunks...
computing gzip size...
dist/setup-console.html                              1.54 kB │ gzip:   0.52 kB
dist/index.html                                      2.10 kB │ gzip:   0.59 kB
dist/assets/src-DyhNkuR7.css                       144.15 kB │ gzip:  21.03 kB
dist/assets/useVisibilitySoftPoll-CwRs5thQ.js        0.49 kB │ gzip:   0.32 kB
dist/assets/rolldown-runtime-ciTZEWaI.js             0.56 kB │ gzip:   0.36 kB
dist/assets/freshness-CG0-d_um.js                    0.65 kB │ gzip:   0.38 kB
dist/assets/src-CS1xWqrc.js                          0.69 kB │ gzip:   0.39 kB
dist/assets/load-more-bar-BLwi3Wc1.js                0.75 kB │ gzip:   0.50 kB
dist/assets/access-B4_lwMgZ.js                       1.06 kB │ gzip:   0.45 kB
dist/assets/card-CRyt1qVN.js                         1.14 kB │ gzip:   0.54 kB
dist/assets/badge-ByGi6G6Z.js                        1.20 kB │ gzip:   0.53 kB
dist/assets/field-jjpJt-eD.js                        1.32 kB │ gzip:   0.44 kB
dist/assets/useOverlayA11y-Cdn2kTJj.js               1.42 kB │ gzip:   0.64 kB
dist/assets/keys-CPFej8aV.js                         1.63 kB │ gzip:   0.60 kB
dist/assets/dashboardPerf-BmWSAjrQ.js                1.70 kB │ gzip:   0.75 kB
dist/assets/fetchers-iaTIhbV3.js                     1.98 kB │ gzip:   0.72 kB
dist/assets/inboundIntakePresentation-BbF5Ihcx.js    3.59 kB │ gzip:   1.55 kB
dist/assets/ConfirmDialog-B1z6I9X4.js                3.65 kB │ gzip:   1.71 kB
dist/assets/RankingPage-DBXdI_hq.js                  9.73 kB │ gzip:   3.33 kB
dist/assets/JobWorkspace-CATvUjvw.js                12.49 kB │ gzip:   3.90 kB
dist/assets/ReportsPage-BU4vX3Ba.js                 13.42 kB │ gzip:   4.09 kB
dist/assets/AdminAIPage-C1Q7x50l.js                 17.64 kB │ gzip:   5.75 kB
dist/assets/NotificationsPage-CyygATkF.js           20.27 kB │ gzip:   6.87 kB
dist/assets/react-query-C-0RpxWl.js                 25.39 kB │ gzip:   8.36 kB
dist/assets/lucide-DXG-lAS2.js                      27.98 kB │ gzip:   9.72 kB
dist/assets/button-CdsJfbcM.js                      29.52 kB │ gzip:   9.74 kB
dist/assets/InterviewsPage-DeTBUG2P.js              33.27 kB │ gzip:   8.45 kB
dist/assets/CandidatesPage-BcOYQw0l.js              34.20 kB │ gzip:   9.89 kB
dist/assets/JobsPage-DVuGcbed.js                    39.07 kB │ gzip:  12.99 kB
dist/assets/CandidateProfilePage-C5blDhlF.js        45.17 kB │ gzip:  12.60 kB
dist/assets/api-eDI5Ibo8.js                         50.70 kB │ gzip:   9.73 kB
dist/assets/recruitingLifecycle-BwGtHlaT.js         52.22 kB │ gzip:  13.72 kB
dist/assets/CalendarShell-fAhm78To.js               57.42 kB │ gzip:  15.66 kB
dist/assets/AssessmentsPage-d5gpC1GR.js             57.68 kB │ gzip:  15.39 kB
dist/assets/SettingsPage-Cj826pnF.js                59.21 kB │ gzip:  15.98 kB
dist/assets/setupConsole-DTz1Dl2p.js                69.58 kB │ gzip:  17.36 kB
dist/assets/react-vendor-K9trxRfS.js               181.79 kB │ gzip:  57.19 kB
dist/assets/dashboard-C8v9PLYd.js                  247.41 kB │ gzip:  72.45 kB
dist/assets/PostHire-MwO0aeVW.js                   570.16 kB │ gzip: 141.26 kB

✓ built in 210ms
[plugin builtin:vite-reporter] 
(!) Some chunks are larger than 500 kB after minification. Consider:
- Using dynamic import() to code-split the application
- Use build.rolldownOptions.output.codeSplitting to improve chunking: https://rolldown.rs/reference/OutputOptions.codeSplitting
- Adjust chunk size limit for this warning via build.chunkSizeWarningLimit.
