    hr intelligence surfaces c6 — prove
      PASS  phase
      PASS  stamp
      PASS  commercial analytics
      PASS  family order
      PASS  family mapping
      PASS  c1 evaluator only
      PASS  no frontend formulas
      PASS  attention separate
      PASS  scheduled delivery debt
      PASS  no employee company intelligence
      PASS  bilingual ok
      PASS  bilingual states
      PASS  gate off
      PASS  empty allowlist
      PASS  gate on
      PASS  tenant gate
      PASS  surface calls c1 evaluator
      PASS  no turnover formula
      PASS  no fact math query
      PASS  requires c1 entitlement
      PASS  enable c1
      PASS  enable c2
      PASS  publish workforce
      PASS  enable c6
      PASS  seed A1
      PASS  seed B1
      PASS  list published
      PASS  headcount published
      PASS  overview includes headcount
      PASS  headcount genuine value
      PASS  unpublished unavailable
      PASS  genuine zero stays zero
      PASS  module-off omitted
      PASS  about version
      PASS  about bilingual
      PASS  monthly trend
      PASS  cohort daily rejected
      PASS  invalid dimension rejected
      PASS  sensitive definition
      PASS  suppressed has no value
      PASS  suppressed has no population
      PASS  compare suppressed fail closed
      PASS  drill reauthorized
      PASS  drill aggregate match
      PASS  suppressed drill empty
      PASS  manager scope
      PASS  save live
      PASS  live re-evaluates
      PASS  pinned stores version
      PASS  pinned snapshot honest
      PASS  aggregate export
      PASS  export equals evaluation
      PASS  export metadata
      PASS  suppressed export no people
      PASS  assistant refuses invented
      PASS  company disable fail closed

    56 passed, 0 failed
HR_INTELLIGENCE_SURFACES_FULL_PASS
STAGING_RC=0
