    hr intelligence performance talent c5 — prove
      PASS  c5 module
      PASS  c5 contract
      PASS  c5 stamp
      PASS  c4 stamp regression
      PASS  commercial analytics
      PASS  all semantic keys
      PASS  uses C1 evaluator
      PASS  projection not SoT
      PASS  recruiting pool isolation honesty
      PASS  forbidden scores declared
      PASS  EN label
      PASS  AR label
      PASS  c5 global off
      PASS  empty allowlist
      PASS  canary gate
      PASS  tenant runtime isolation
      PASS  enable c5
      PASS  nine-box defaults off
      PASS  publish all C5 KPIs
      PASS  goal attainment canonical progress
      PASS  missing current never invents 100%
      PASS  historical target version preserved
      PASS  KR attainment
      PASS  self manager full completion distinct
      PASS  incomplete cycle fabricates no final
      PASS  locked final drives distribution
      PASS  cross-scale outcomes fail closed
      PASS  high performer requires explicit policy
      PASS  high performer is not HiPo
      PASS  360 anonymity fails closed
      PASS  competency framework version preserved
      PASS  development C3-like projection
      PASS  reject inferred nine-box HiPo
      PASS  potential accepted explicit only
      PASS  HiPo designated only
      PASS  performance never becomes potential
      PASS  succession and ready-now coverage distinct
      PASS  uncovered critical roles
      PASS  readiness is target-specific
      PASS  bench strength unavailable without black-box
      PASS  manager performance aggregate allowed scoped
      PASS  manager talent forbidden without permission
      PASS  talent works with performance off
      PASS  performance works with talent off
      PASS  nine-box disabled while talent works
      PASS  nine-box snapshot remains noncanonical
      PASS  rebuild idempotent
      PASS  bilingual valid C1 definitions
      PASS  assistant refuses invented metric
      PASS  small talent cohort suppressed
      PASS  tenant write isolation
      PASS  disable preserves projections
      PASS  disabled evaluation unavailable
      PASS  all C5 gates off

    54 passed, 0 failed
HR_INTELLIGENCE_PERFORMANCE_TALENT_FULL_PASS
STAGING_RC=0
