LEAVE_WAVE3_SCHEMA_OK 3.0.0
enforced=false legal_reviewed=false
    leave workflow wave3 — partial-day, unpaid, attachments, withdraw/RFI/cancel
      PASS  version
      PASS  enforced honesty via authority
      PASS  needs_info status present
      PASS  withdrawn status present
      PASS  parse half am
      PASS  parse overnight hourly
      PASS  overnight shift hours=8
      PASS  hourly inside overnight shift
      PASS  hourly outside overnight shift
      PASS  full vs half overlap
      PASS  am vs pm no overlap
      PASS  hourly overlap
      PASS  hourly no overlap
      PASS  half chargeable days=0.5
      PASS  unpaid handoff no money
      PASS  money handoff rejected
      PASS  sensitive masked
      PASS  employee seeded
      PASS  accrual posted
      PASS  shifts seeded
