wave2b 1.0.0
policy payroll_preview_policy@1.0.0
connected_db wathefni_staging
preview_tables ['payroll_preview_adjustments', 'payroll_preview_employee_results', 'payroll_preview_events', 'payroll_preview_lines', 'payroll_preview_policies', 'payroll_preview_runs']
MIGRATE_OK payroll_native_preview_wave2b
    payroll native preview wave2b
      PASS  version
      PASS  payment disabled
      PASS  not authoritative
      PASS  preview only
      PASS  no AI
      PASS  external unchanged
      PASS  no pifss
      PASS  no bank
      PASS  deterministic
      PASS  money round half up
      PASS  money 3dp
      PASS  full-month ok
      PASS  full-month earnings 550
      PASS  full-month deductions 20
      PASS  full-month net 530
      PASS  mid join ok
      PASS  mid join active 16
      PASS  mid join earnings prorated
      PASS  mid exit ok
      PASS  mid exit active 15
      PASS  mid exit earnings prorated
      PASS  unpaid ok
      PASS  unpaid deduction applied
      PASS  adjustment ok
      PASS  bonus included
      PASS  fine rounded 3dp
      PASS  missing contract blocked
      PASS  missing contract code
      PASS  overlap blocked
      PASS  overlap code
      PASS  pifss blocked
      PASS  pifss review_only
connected_db wathefni_staging
      PASS  db draft
      PASS  db approve
      PASS  period
      PASS  preview run ok
      PASS  preview not authoritative
      PASS  idempotent replay
      PASS  recalc after input change
      PASS  fingerprint changed
      PASS  prior superseded
      PASS  unsupported run failed closed
      PASS  external mode blocks preview
      PASS  rollback ok
      PASS  rollback status
      PASS  audit events present
      PASS  real employee refused
      PASS  wave1 still enabled

    48 passed, 0 failed
    payroll external adapter wave2a — export/import/reconcile
      PASS  version pinned
      PASS  payment disabled
      PASS  money authority external
      PASS  wathefni not money authority
      PASS  no posts_payment
      PASS  no bank files
      PASS  no native g2n
      PASS  vendor unclaimed
      PASS  wave1 contracts unchanged flag
      PASS  uses input schema 1.0.0
      PASS  uses result schema 1.0.0
      PASS  freeze mirror only
      PASS  freeze wave1 ddl untouched
      PASS  malformed csv rejected
connected_db wathefni_staging
      PASS  wave1 draft still works
      PASS  wave1 approve still works
      PASS  period create
      PASS  clean export
      PASS  export fingerprint present
      PASS  export money authority external
      PASS  export payment disabled
      PASS  export posts_payment false
      PASS  idempotent export replay
      PASS  clean import
      PASS  import mirror_only
      PASS  import external authority
      PASS  import matched
      PASS  idempotent import replay
      PASS  reconcile clean
      PASS  unmatched import accepted/partial
      PASS  unmatched quarantined count
      PASS  malformed quarantined
      PASS  malformed has quarantine row
      PASS  fingerprint change blocks import
      PASS  changed fingerprint detected
      PASS  new export not idempotent
      PASS  diff import ok
      PASS  reconcile differences flagged
      PASS  component diffs present
      PASS  export rollback
      PASS  quarantine soft only

    41 passed, 0 failed
HONESTY_OK
STAGING_PAYROLL_W2B_OK
